Archive member included because of file (symbol)

/usr/local/msp430/bin/../lib/gcc/msp430/4.7.2/mcpu-430x/mmpy-16/msr20/mc20/libgcc.a(_mulsi3.o)
                              build/z1/obj/cfs-coffee.o (__mulsi3)
/usr/local/msp430/bin/../lib/gcc/msp430/4.7.2/mcpu-430x/mmpy-16/msr20/mc20/libgcc.a(_udivmod16.o)
                              build/z1/obj/cfs-coffee.o (__udivhi3)
/usr/local/msp430/bin/../lib/gcc/msp430/4.7.2/mcpu-430x/mmpy-16/msr20/mc20/libgcc.a(_divmod16.o)
                              build/z1/obj/link-stats.o (__divhi3)
/usr/local/msp430/bin/../lib/gcc/msp430/4.7.2/mcpu-430x/mmpy-16/msr20/mc20/libgcc.a(_udivmod32.o)
                              build/z1/obj/ifft.o (__udivsi3)
/usr/local/msp430/bin/../lib/gcc/msp430/4.7.2/mcpu-430x/mmpy-16/msr20/mc20/libgcc.a(_divmod32.o)
                              build/z1/obj/cfs-coffee.o (__divsi3)
/usr/local/msp430/bin/../lib/gcc/msp430/4.7.2/../../../../msp430/lib/mcpu-430x/mmpy-16/msr20/mc20/libc.a(printf.o)
                              build/z1/obj/assert.o (printf)
/usr/local/msp430/bin/../lib/gcc/msp430/4.7.2/../../../../msp430/lib/mcpu-430x/mmpy-16/msr20/mc20/libc.a(sprintf.o)
                              build/z1/obj/log.o (snprintf)
/usr/local/msp430/bin/../lib/gcc/msp430/4.7.2/../../../../msp430/lib/mcpu-430x/mmpy-16/msr20/mc20/libc.a(vuprintf.o)
                              /usr/local/msp430/bin/../lib/gcc/msp430/4.7.2/../../../../msp430/lib/mcpu-430x/mmpy-16/msr20/mc20/libc.a(printf.o) (vuprintf)
/usr/local/msp430/bin/../lib/gcc/msp430/4.7.2/../../../../msp430/lib/mcpu-430x/mmpy-16/msr20/mc20/libc.a(puts.o)
                              build/z1/obj/assert.o (puts)
/usr/local/msp430/bin/../lib/gcc/msp430/4.7.2/../../../../msp430/lib/mcpu-430x/mmpy-16/msr20/mc20/libc.a(rand.o)
                              build/z1/obj/random.o (rand)
/usr/local/msp430/bin/../lib/gcc/msp430/4.7.2/../../../../msp430/lib/mcpu-430x/mmpy-16/msr20/mc20/libc.a(strcmp.o)
                              build/z1/obj/cfs-coffee.o (strcmp)
/usr/local/msp430/bin/../lib/gcc/msp430/4.7.2/../../../../msp430/lib/mcpu-430x/mmpy-16/msr20/mc20/libc.a(strncmp.o)
                              build/z1/obj/sensors.o (strncmp)
/usr/local/msp430/bin/../lib/gcc/msp430/4.7.2/../../../../msp430/lib/mcpu-430x/mmpy-16/msr20/mc20/libc.a(memcmp.o)
                              build/z1/obj/ip64-addr.o (memcmp)
/usr/local/msp430/bin/../lib/gcc/msp430/4.7.2/../../../../msp430/lib/mcpu-430x/mmpy-16/msr20/mc20/libc.a(strncpy.o)
                              build/z1/obj/cfs-coffee.o (strncpy)
/usr/local/msp430/bin/../lib/gcc/msp430/4.7.2/../../../../msp430/lib/mcpu-430x/mmpy-16/msr20/mc20/libc.a(memcpy.o)
                              build/z1/obj/aes-128.o (memcpy)
/usr/local/msp430/bin/../lib/gcc/msp430/4.7.2/../../../../msp430/lib/mcpu-430x/mmpy-16/msr20/mc20/libc.a(memmove.o)
                              build/z1/obj/rpl-ext-header.o (memmove)
/usr/local/msp430/bin/../lib/gcc/msp430/4.7.2/../../../../msp430/lib/mcpu-430x/mmpy-16/msr20/mc20/libc.a(memset.o)
                              build/z1/obj/cfs-coffee.o (memset)
/usr/local/msp430/bin/../lib/gcc/msp430/4.7.2/mcpu-430x/mmpy-16/msr20/mc20/libgcc.a(_udivmod64.o)
                              /usr/local/msp430/bin/../lib/gcc/msp430/4.7.2/../../../../msp430/lib/mcpu-430x/mmpy-16/msr20/mc20/libc.a(vuprintf.o) (__udivdi3)
/usr/local/msp430/bin/../lib/gcc/msp430/4.7.2/mcpu-430x/mmpy-16/msr20/mc20/libcrt0.a(_reset_vector__.o)
                              /usr/local/msp430/bin/../lib/gcc/msp430/4.7.2/mcpu-430x/mmpy-16/msr20/mc20/crt0ivtbl32.o (_reset_vector__)
/usr/local/msp430/bin/../lib/gcc/msp430/4.7.2/mcpu-430x/mmpy-16/msr20/mc20/libcrt0.a(__watchdog_support.o)
                              /usr/local/msp430/bin/../lib/gcc/msp430/4.7.2/mcpu-430x/mmpy-16/msr20/mc20/libcrt0.a(_reset_vector__.o) (__watchdog_support)
/usr/local/msp430/bin/../lib/gcc/msp430/4.7.2/mcpu-430x/mmpy-16/msr20/mc20/libcrt0.a(__init_stack.o)
                              /usr/local/msp430/bin/../lib/gcc/msp430/4.7.2/mcpu-430x/mmpy-16/msr20/mc20/libcrt0.a(_reset_vector__.o) (__init_stack)
/usr/local/msp430/bin/../lib/gcc/msp430/4.7.2/mcpu-430x/mmpy-16/msr20/mc20/libcrt0.a(__low_level_init.o)
                              /usr/local/msp430/bin/../lib/gcc/msp430/4.7.2/mcpu-430x/mmpy-16/msr20/mc20/libcrt0.a(_reset_vector__.o) (__low_level_init)
/usr/local/msp430/bin/../lib/gcc/msp430/4.7.2/mcpu-430x/mmpy-16/msr20/mc20/libcrt0.a(_copy_data.o)
                              /usr/local/msp430/bin/../lib/gcc/msp430/4.7.2/mcpu-430x/mmpy-16/msr20/mc20/libcrt0.a(_reset_vector__.o) (__do_copy_data)
/usr/local/msp430/bin/../lib/gcc/msp430/4.7.2/mcpu-430x/mmpy-16/msr20/mc20/libcrt0.a(_clear_bss.o)
                              /usr/local/msp430/bin/../lib/gcc/msp430/4.7.2/mcpu-430x/mmpy-16/msr20/mc20/libcrt0.a(_reset_vector__.o) (__do_clear_bss)
/usr/local/msp430/bin/../lib/gcc/msp430/4.7.2/mcpu-430x/mmpy-16/msr20/mc20/libcrt0.a(__stop_progExec__.o)
[...]
Memory Configuration

Name             Origin             Length             Attributes
sfr              0x00000000         0x00000010
peripheral_8bit  0x00000010         0x000000f0
peripheral_16bit 0x00000100         0x00000100
ram_mirror       0x00000200         0x00000800         xw
infomem          0x00001000         0x00000100
infod            0x00001000         0x00000040
infoc            0x00001040         0x00000040
infob            0x00001080         0x00000040
infoa            0x000010c0         0x00000040
ram              0x00001100         0x00002000         xw
rom              0x00003100         0x0000cebe         xr
vectors          0x0000ffc0         0x00000040
far_rom          0x00010000         0x0000a000
bsl              0x00000000         0x00000000
ram2             0x00000000         0x00000000         xw
usbram           0x00000000         0x00000000         xw
*default*        0x00000000         0xffffffff

Linker script and memory map

LOAD /usr/local/msp430/bin/../lib/gcc/msp430/4.7.2/mcpu-430x/mmpy-16/msr20/mc20/crt0ivtbl32.o
                0x00000041                __P1SEL2 = 0x41
                0x00000045                __P5SEL2 = 0x45
                0x00002968                _stack = _end
LOAD build/z1/obj/adxl345.o
LOAD build/z1/obj/aes-128.o
LOAD build/z1/obj/anti-replay.o
LOAD build/z1/obj/assert.o
LOAD build/z1/obj/atomic.o
LOAD build/z1/obj/autostart.o
LOAD build/z1/obj/battery-sensor.o
LOAD build/z1/obj/button-hal.o
LOAD build/z1/obj/button-sensor.o
LOAD build/z1/obj/cc2420-arch-sfd.o
LOAD build/z1/obj/cc2420-arch.o
LOAD build/z1/obj/cc2420-tsch-15ms.o
LOAD build/z1/obj/cc2420.o
LOAD build/z1/obj/ccm-star-packetbuf.o
LOAD build/z1/obj/ccm-star.o
LOAD build/z1/obj/cfs-coffee.o
LOAD build/z1/obj/circular-list.o
LOAD build/z1/obj/clock.o
LOAD build/z1/obj/compower.o
LOAD build/z1/obj/contiki-main.o
LOAD build/z1/obj/crc16.o
LOAD build/z1/obj/csma-output.o
LOAD build/z1/obj/csma-security.o
LOAD build/z1/obj/csma.o
LOAD build/z1/obj/csprng.o
LOAD build/z1/obj/ctimer.o
LOAD build/z1/obj/dbl-circ-list.o
LOAD build/z1/obj/dbl-list.o
LOAD build/z1/obj/energest.o
LOAD build/z1/obj/etimer.o
LOAD build/z1/obj/flash.o
LOAD build/z1/obj/frame802154.o
LOAD build/z1/obj/frame802154e-ie.o
LOAD build/z1/obj/framer-802154.o
LOAD build/z1/obj/gpio-hal.o
LOAD build/z1/obj/heapmem.o
LOAD build/z1/obj/hexconv.o
LOAD build/z1/obj/i2cmaster.o
LOAD build/z1/obj/ifft.o
LOAD build/z1/obj/int-master.o
LOAD build/z1/obj/ip64-addr.o
LOAD build/z1/obj/iq-seeder.o
LOAD build/z1/obj/leds-arch.o
LOAD build/z1/obj/leds.o
LOAD build/z1/obj/light-sensor.o
LOAD build/z1/obj/link-stats.o
LOAD build/z1/obj/linkaddr.o
LOAD build/z1/obj/list.o
LOAD build/z1/obj/log.o
LOAD build/z1/obj/lpm.o
LOAD build/z1/obj/mac-sequence.o
LOAD build/z1/obj/memb.o
LOAD build/z1/obj/msp430.o
LOAD build/z1/obj/mutex.o
LOAD build/z1/obj/nbr-table.o
LOAD build/z1/obj/net-debug.o
LOAD build/z1/obj/netstack.o
LOAD build/z1/obj/node-id-z1.o
LOAD build/z1/obj/node-id.o
LOAD build/z1/obj/nullframer.o
LOAD build/z1/obj/nullradio.o
LOAD build/z1/obj/packetbuf.o
LOAD build/z1/obj/platform.o
LOAD build/z1/obj/process.o
LOAD build/z1/obj/psock.o
LOAD build/z1/obj/queuebuf.o
LOAD build/z1/obj/random.o
LOAD build/z1/obj/ringbuf.o
LOAD build/z1/obj/ringbufindex.o
LOAD build/z1/obj/rpl-dag-root.o
LOAD build/z1/obj/rpl-dag.o
LOAD build/z1/obj/rpl-ext-header.o
LOAD build/z1/obj/rpl-icmp6.o
LOAD build/z1/obj/rpl-mrhof.o
LOAD build/z1/obj/rpl-nbr-policy.o
LOAD build/z1/obj/rpl-neighbor.o
LOAD build/z1/obj/rpl-of0.o
LOAD build/z1/obj/rpl-timers.o
LOAD build/z1/obj/rpl.o
LOAD build/z1/obj/rtimer-arch.o
LOAD build/z1/obj/rtimer.o
LOAD build/z1/obj/sensors.o
LOAD build/z1/obj/serial-line.o
LOAD build/z1/obj/sha-256.o
LOAD build/z1/obj/sicslowpan.o
LOAD build/z1/obj/simple-udp.o
LOAD build/z1/obj/sky-sensors.o
LOAD build/z1/obj/slip.o
LOAD build/z1/obj/slip_uart0.o
LOAD build/z1/obj/spi-legacy.o
LOAD build/z1/obj/spi.o
LOAD build/z1/obj/stack-check.o
LOAD build/z1/obj/stimer.o
LOAD build/z1/obj/tcp-socket.o
LOAD build/z1/obj/tcpip.o
LOAD build/z1/obj/temperature-sensor.o
LOAD build/z1/obj/timer.o
LOAD build/z1/obj/tmp102.o
LOAD build/z1/obj/trickle-timer.o
LOAD build/z1/obj/uart-putchar.o
LOAD build/z1/obj/uart0.o
LOAD build/z1/obj/udp-client.o
LOAD build/z1/obj/udp-socket.o
LOAD build/z1/obj/uip-ds6-nbr.o
LOAD build/z1/obj/uip-ds6-route.o
LOAD build/z1/obj/uip-ds6.o
LOAD build/z1/obj/uip-icmp6.o
LOAD build/z1/obj/uip-ipchksum.o
LOAD build/z1/obj/uip-nameserver.o
LOAD build/z1/obj/uip-nd6.o
LOAD build/z1/obj/uip-packetqueue.o
LOAD build/z1/obj/uip-sr.o
LOAD build/z1/obj/uip-udp-packet.o
LOAD build/z1/obj/uip6.o
LOAD build/z1/obj/uipbuf.o
LOAD build/z1/obj/uiplib.o
LOAD build/z1/obj/watchdog.o
LOAD build/z1/obj/xmem.o
LOAD build/z1/obj/z1-phidgets.o
LOAD build/z1/obj/z1-sensors.o
LOAD /usr/local/msp430/bin/../lib/gcc/msp430/4.7.2/mcpu-430x/mmpy-16/msr20/mc20/libgcc.a
LOAD /usr/local/msp430/bin/../lib/gcc/msp430/4.7.2/../../../../msp430/lib/mcpu-430x/mmpy-16/msr20/mc20/libc.a
LOAD /usr/local/msp430/bin/../lib/gcc/msp430/4.7.2/mcpu-430x/mmpy-16/msr20/mc20/libgcc.a
LOAD /usr/local/msp430/bin/../lib/gcc/msp430/4.7.2/mcpu-430x/mmpy-16/msr20/mc20/libcrt0.a
                0x00000040                PROVIDE (__info_segment_size, 0x40)
                0x00001000                PROVIDE (__infod, 0x1000)
                0x00001040                PROVIDE (__infoc, 0x1040)
                0x00001080                PROVIDE (__infob, 0x1080)
                0x000010c0                PROVIDE (__infoa, 0x10c0)
                0x00000000                __IE1 = 0x0
                0x00000002                __IFG1 = 0x2
                0x00000001                __IE2 = 0x1
                0x00000003                __IFG2 = 0x3
                0x00000006                __UC1IE = 0x6
                0x00000007                __UC1IFG = 0x7
                0x000001a0                __ADC12CTL0 = 0x1a0
                0x000001a2                __ADC12CTL1 = 0x1a2
                0x000001a4                __ADC12IFG = 0x1a4
                0x000001a6                __ADC12IE = 0x1a6
                0x000001a8                __ADC12IV = 0x1a8
                0x00000140                __ADC12MEM0 = 0x140
                0x00000142                __ADC12MEM1 = 0x142
                0x00000144                __ADC12MEM2 = 0x144
                0x00000146                __ADC12MEM3 = 0x146
                0x00000148                __ADC12MEM4 = 0x148
                0x0000014a                __ADC12MEM5 = 0x14a
                0x0000014c                __ADC12MEM6 = 0x14c
                0x0000014e                __ADC12MEM7 = 0x14e
                0x00000150                __ADC12MEM8 = 0x150
                0x00000152                __ADC12MEM9 = 0x152
                0x00000154                __ADC12MEM10 = 0x154
                0x00000156                __ADC12MEM11 = 0x156
                0x00000158                __ADC12MEM12 = 0x158
                0x0000015a                __ADC12MEM13 = 0x15a
                0x0000015c                __ADC12MEM14 = 0x15c
                0x0000015e                __ADC12MEM15 = 0x15e
                0x00000080                __ADC12MCTL0 = 0x80
                0x00000081                __ADC12MCTL1 = 0x81
                0x00000082                __ADC12MCTL2 = 0x82
                0x00000083                __ADC12MCTL3 = 0x83
                0x00000084                __ADC12MCTL4 = 0x84
                0x00000085                __ADC12MCTL5 = 0x85
                0x00000086                __ADC12MCTL6 = 0x86
                0x00000087                __ADC12MCTL7 = 0x87
                0x00000088                __ADC12MCTL8 = 0x88
                0x00000089                __ADC12MCTL9 = 0x89
                0x0000008a                __ADC12MCTL10 = 0x8a
                0x0000008b                __ADC12MCTL11 = 0x8b
                0x0000008c                __ADC12MCTL12 = 0x8c
                0x0000008d                __ADC12MCTL13 = 0x8d
                0x0000008e                __ADC12MCTL14 = 0x8e
                0x0000008f                __ADC12MCTL15 = 0x8f
                0x00000056                __DCOCTL = 0x56
                0x00000057                __BCSCTL1 = 0x57
                0x00000058                __BCSCTL2 = 0x58
                0x00000053                __BCSCTL3 = 0x53
                0x00000059                __CACTL1 = 0x59
                0x0000005a                __CACTL2 = 0x5a
                0x0000005b                __CAPD = 0x5b
                0x000001c0                __DAC12_0CTL = 0x1c0
                0x000001c2                __DAC12_1CTL = 0x1c2
                0x000001c8                __DAC12_0DAT = 0x1c8
                0x000001ca                __DAC12_1DAT = 0x1ca
                0x00000122                __DMACTL0 = 0x122
                0x00000124                __DMACTL1 = 0x124
                0x00000126                __DMAIV = 0x126
                0x000001d0                __DMA0CTL = 0x1d0
                0x000001dc                __DMA1CTL = 0x1dc
                0x000001e8                __DMA2CTL = 0x1e8
                0x000001d2                __DMA0SA = 0x1d2
                0x000001d2                __DMA0SAL = 0x1d2
                0x000001d6                __DMA0DA = 0x1d6
                0x000001d6                __DMA0DAL = 0x1d6
                0x000001da                __DMA0SZ = 0x1da
                0x000001de                __DMA1SA = 0x1de
                0x000001de                __DMA1SAL = 0x1de
                0x000001e2                __DMA1DA = 0x1e2
                0x000001e2                __DMA1DAL = 0x1e2
                0x000001e6                __DMA1SZ = 0x1e6
                0x000001ea                __DMA2SA = 0x1ea
                0x000001ea                __DMA2SAL = 0x1ea
                0x000001ee                __DMA2DA = 0x1ee
                0x000001ee                __DMA2DAL = 0x1ee
                0x000001f2                __DMA2SZ = 0x1f2
                0x00000128                __FCTL1 = 0x128
                0x0000012a                __FCTL2 = 0x12a
                0x0000012c                __FCTL3 = 0x12c
                0x000001be                __FCTL4 = 0x1be
                0x00000130                __MPY = 0x130
                0x00000132                __MPYS = 0x132
                0x00000134                __MAC = 0x134
                0x00000136                __MACS = 0x136
                0x00000138                __OP2 = 0x138
                0x0000013a                __RESLO = 0x13a
                0x0000013c                __RESHI = 0x13c
                0x0000013e                __SUMEXT = 0x13e
                0x00000020                __P1IN = 0x20
                0x00000021                __P1OUT = 0x21
                0x00000022                __P1DIR = 0x22
                0x00000023                __P1IFG = 0x23
                0x00000024                __P1IES = 0x24
                0x00000025                __P1IE = 0x25
                0x00000026                __P1SEL = 0x26
                0x00000027                __P1REN = 0x27
                0x00000028                __P2IN = 0x28
                0x00000029                __P2OUT = 0x29
                0x0000002a                __P2DIR = 0x2a
                0x0000002b                __P2IFG = 0x2b
                0x0000002c                __P2IES = 0x2c
                0x0000002d                __P2IE = 0x2d
                0x0000002e                __P2SEL = 0x2e
                0x0000002f                __P2REN = 0x2f
                0x00000018                __P3IN = 0x18
                0x00000019                __P3OUT = 0x19
                0x0000001a                __P3DIR = 0x1a
                0x0000001b                __P3SEL = 0x1b
                0x00000010                __P3REN = 0x10
                0x0000001c                __P4IN = 0x1c
                0x0000001d                __P4OUT = 0x1d
                0x0000001e                __P4DIR = 0x1e
                0x0000001f                __P4SEL = 0x1f
                0x00000011                __P4REN = 0x11
                0x00000030                __P5IN = 0x30
                0x00000031                __P5OUT = 0x31
                0x00000032                __P5DIR = 0x32
                0x00000033                __P5SEL = 0x33
                0x00000012                __P5REN = 0x12
                0x00000034                __P6IN = 0x34
                0x00000035                __P6OUT = 0x35
                0x00000036                __P6DIR = 0x36
                0x00000037                __P6SEL = 0x37
                0x00000013                __P6REN = 0x13
                0x00000038                __P7IN = 0x38
                0x0000003a                __P7OUT = 0x3a
                0x0000003c                __P7DIR = 0x3c
                0x0000003e                __P7SEL = 0x3e
                0x00000014                __P7REN = 0x14
                0x00000039                __P8IN = 0x39
                0x0000003b                __P8OUT = 0x3b
                0x0000003d                __P8DIR = 0x3d
                0x0000003f                __P8SEL = 0x3f
                0x00000015                __P8REN = 0x15
                0x00000038                __PAIN = 0x38
                0x0000003a                __PAOUT = 0x3a
                0x0000003c                __PADIR = 0x3c
                0x0000003e                __PASEL = 0x3e
                0x00000014                __PAREN = 0x14
                0x00000055                __SVSCTL = 0x55
                0x0000012e                __TAIV = 0x12e
                0x00000160                __TACTL = 0x160
                0x00000162                __TACCTL0 = 0x162
                0x00000164                __TACCTL1 = 0x164
                0x00000166                __TACCTL2 = 0x166
                0x00000170                __TAR = 0x170
                0x00000172                __TACCR0 = 0x172
                0x00000174                __TACCR1 = 0x174
                0x00000176                __TACCR2 = 0x176
                0x0000011e                __TBIV = 0x11e
                0x00000180                __TBCTL = 0x180
                0x00000182                __TBCCTL0 = 0x182
                0x00000184                __TBCCTL1 = 0x184
                0x00000186                __TBCCTL2 = 0x186
                0x00000188                __TBCCTL3 = 0x188
                0x0000018a                __TBCCTL4 = 0x18a
                0x0000018c                __TBCCTL5 = 0x18c
                0x0000018e                __TBCCTL6 = 0x18e
                0x00000190                __TBR = 0x190
                0x00000192                __TBCCR0 = 0x192
                0x00000194                __TBCCR1 = 0x194
                0x00000196                __TBCCR2 = 0x196
                0x00000198                __TBCCR3 = 0x198
                0x0000019a                __TBCCR4 = 0x19a
                0x0000019c                __TBCCR5 = 0x19c
                0x0000019e                __TBCCR6 = 0x19e
                0x00000060                __UCA0CTL0 = 0x60
                0x00000061                __UCA0CTL1 = 0x61
                0x00000062                __UCA0BR0 = 0x62
                0x00000063                __UCA0BR1 = 0x63
                0x00000064                __UCA0MCTL = 0x64
                0x00000065                __UCA0STAT = 0x65
                0x00000066                __UCA0RXBUF = 0x66
                0x00000067                __UCA0TXBUF = 0x67
                0x0000005d                __UCA0ABCTL = 0x5d
                0x0000005e                __UCA0IRTCTL = 0x5e
                0x0000005f                __UCA0IRRCTL = 0x5f
                0x00000068                __UCB0CTL0 = 0x68
                0x00000069                __UCB0CTL1 = 0x69
                0x0000006a                __UCB0BR0 = 0x6a
                0x0000006b                __UCB0BR1 = 0x6b
                0x0000006c                __UCB0I2CIE = 0x6c
                0x0000006d                __UCB0STAT = 0x6d
                0x0000006e                __UCB0RXBUF = 0x6e
                0x0000006f                __UCB0TXBUF = 0x6f
                0x00000118                __UCB0I2COA = 0x118
                0x0000011a                __UCB0I2CSA = 0x11a
                0x000000d0                __UCA1CTL0 = 0xd0
                0x000000d1                __UCA1CTL1 = 0xd1
                0x000000d2                __UCA1BR0 = 0xd2
                0x000000d3                __UCA1BR1 = 0xd3
                0x000000d4                __UCA1MCTL = 0xd4
                0x000000d5                __UCA1STAT = 0xd5
                0x000000d6                __UCA1RXBUF = 0xd6
                0x000000d7                __UCA1TXBUF = 0xd7
                0x000000cd                __UCA1ABCTL = 0xcd
                0x000000ce                __UCA1IRTCTL = 0xce
                0x000000cf                __UCA1IRRCTL = 0xcf
                0x000000d8                __UCB1CTL0 = 0xd8
                0x000000d9                __UCB1CTL1 = 0xd9
                0x000000da                __UCB1BR0 = 0xda
                0x000000db                __UCB1BR1 = 0xdb
                0x000000dc                __UCB1I2CIE = 0xdc
                0x000000dd                __UCB1STAT = 0xdd
                0x000000de                __UCB1RXBUF = 0xde
                0x000000df                __UCB1TXBUF = 0xdf
                0x0000017c                __UCB1I2COA = 0x17c
                0x0000017e                __UCB1I2CSA = 0x17e
                0x00000120                __WDTCTL = 0x120
                0x000010c0                __TLV_CHECKSUM = 0x10c0
                0x000010f6                __TLV_DCO_30_TAG = 0x10f6
                0x000010f7                __TLV_DCO_30_LEN = 0x10f7
                0x000010da                __TLV_ADC12_1_TAG = 0x10da
                0x000010db                __TLV_ADC12_1_LEN = 0x10db
                0x000010f8                __CALDCO_16MHZ = 0x10f8
                0x000010f9                __CALBC1_16MHZ = 0x10f9
                0x000010fa                __CALDCO_12MHZ = 0x10fa
                0x000010fb                __CALBC1_12MHZ = 0x10fb
                0x000010fc                __CALDCO_8MHZ = 0x10fc
                0x000010fd                __CALBC1_8MHZ = 0x10fd
                0x000010fe                __CALDCO_1MHZ = 0x10fe
                0x000010ff                __CALBC1_1MHZ = 0x10ff

.hash
 *(SORT(.hash))

.dynsym
 *(SORT(.dynsym))

.dynstr
 *(SORT(.dynstr))

.gnu.version
 *(SORT(.gnu.version))

.gnu.version_d
 *(SORT(.gnu.version_d))

.gnu.version_r
 *(SORT(.gnu.version_r))

.rel.init
 *(SORT(.rel.init))

.rela.init
 *(SORT(.rela.init))

.rel.fini
 *(SORT(.rel.fini))

.rela.fini
 *(SORT(.rela.fini))

.rel.text
 *(SORT(.rel.text) SORT(.rel.text.*) SORT(.rel.gnu.linkonce.t.*))

.rela.text
 *(SORT(.rela.text) SORT(.rela.text.*) SORT(.rela.gnu.linkonce.t.*))

.rel.rodata
 *(SORT(.rel.rodata) SORT(.rel.rodata.*) SORT(.rel.gnu.linkonce.r.*))

.rela.rodata
 *(SORT(.rela.rodata) SORT(.rela.rodata.*) SORT(.rela.gnu.linkonce.r.*))

.rel.data
 *(SORT(.rel.data) SORT(.rel.data.*) SORT(.rel.gnu.linkonce.d.*))

.rela.data
 *(SORT(.rela.data) SORT(.rela.data.*) SORT(.rela.gnu.linkonce.d.*))

.rel.bss
 *(SORT(.rel.bss) SORT(.rel.bss.*) SORT(.rel.gnu.linkonce.b.*))

.rela.bss
 *(SORT(.rela.bss) SORT(.rela.bss.*) SORT(.rela.gnu.linkonce.b.*))

.rel.ctors
 *(SORT(.rel.ctors))

.rela.ctors
 *(SORT(.rela.ctors))

.rel.dtors
 *(SORT(.rel.dtors))

.rela.dtors
 *(SORT(.rela.dtors))

.rel.got
 *(SORT(.rel.got))

.rela.got
 *(SORT(.rela.got))

.rel.plt
 *(SORT(.rel.plt))

.rela.plt
 *(SORT(.rela.plt))

.text           0x00003100     0xa0cc
                0x00003100                . = ALIGN (0x2)
 *(SORT(.init) SORT(.init.*))
 *(SORT(.init0))
 .init0         0x00003100        0x0 /usr/local/msp430/bin/../lib/gcc/msp430/4.7.2/mcpu-430x/mmpy-16/msr20/mc20/libcrt0.a(_reset_vector__.o)
                0x00003100                _reset_vector__
 *(SORT(.init1))
 .init1         0x00003100        0xc /usr/local/msp430/bin/../lib/gcc/msp430/4.7.2/mcpu-430x/mmpy-16/msr20/mc20/libcrt0.a(__watchdog_support.o)
                0x00003100                __watchdog_support
 *(SORT(.init2))
 .init2         0x0000310c        0x4 /usr/local/msp430/bin/../lib/gcc/msp430/4.7.2/mcpu-430x/mmpy-16/msr20/mc20/libcrt0.a(__init_stack.o)
                0x0000310c                __init_stack
 *(SORT(.init3))
 .init3         0x00003110        0x0 /usr/local/msp430/bin/../lib/gcc/msp430/4.7.2/mcpu-430x/mmpy-16/msr20/mc20/libcrt0.a(__low_level_init.o)
                0x00003110                __low_level_init
 *(SORT(.init4))
 .init4         0x00003110       0x18 /usr/local/msp430/bin/../lib/gcc/msp430/4.7.2/mcpu-430x/mmpy-16/msr20/mc20/libcrt0.a(_copy_data.o)
                0x00003110                __do_copy_data
 .init4         0x00003128       0x16 /usr/local/msp430/bin/../lib/gcc/msp430/4.7.2/mcpu-430x/mmpy-16/msr20/mc20/libcrt0.a(_clear_bss.o)
                0x00003128                __do_clear_bss
 *(SORT(.init5))
 *(SORT(.init6))
 *(SORT(.init7))
 *(SORT(.init8))
 *(SORT(.init9))
 .init9         0x0000313e      0x238 build/z1/obj/contiki-main.o
                0x0000313e                main
 *(SORT(.fini9))
 .fini9         0x00003376        0x0 /usr/local/msp430/bin/../lib/gcc/msp430/4.7.2/mcpu-430x/mmpy-16/msr20/mc20/libcrt0.a(__stop_progExec__.o)
                0x00003376                __stop_progExec__
 *(SORT(.fini8))
 *(SORT(.fini7))
 *(SORT(.fini6))
 *(SORT(.fini5))
 *(SORT(.fini4))
 *(SORT(.fini3))
 *(SORT(.fini2))
 *(SORT(.fini1))
 *(SORT(.fini0))
 .fini0         0x00003376        0x6 /usr/local/msp430/bin/../lib/gcc/msp430/4.7.2/mcpu-430x/mmpy-16/msr20/mc20/libcrt0.a(_endless_loop__.o)
                0x00003376                _endless_loop__
 *(SORT(.fini) SORT(.fini.*))
                0x0000337c                . = ALIGN (0x2)
                0x0000337c                __ctors_start = .
 *(SORT(.ctors))
                0x0000337c                __ctors_end = .
                0x0000337c                __dtors_start = .
 *(SORT(.dtors))
                0x0000337c                __dtors_end = .
                0x0000337c                . = ALIGN (0x2)
 *(SORT(.text) SORT(.text.*) SORT(.gnu.linkonce.t.*))
 .text          0x0000337c        0x4 /usr/local/msp430/bin/../lib/gcc/msp430/4.7.2/mcpu-430x/mmpy-16/msr20/mc20/crt0ivtbl32.o
                0x0000337c                __isr_14
                0x0000337c                __isr_4
                0x0000337c                __isr_29
                0x0000337c                __isr_11
                0x0000337c                __isr_5
                0x0000337c                __isr_2
                0x0000337c                __isr_10
                0x0000337c                __isr_7
                0x0000337c                __isr_0
                0x0000337c                __isr_8
                0x0000337c                __isr_20
                0x0000337c                __isr_3
                0x0000337c                __isr_12
                0x0000337c                __isr_13
                0x0000337c                __isr_27
                0x0000337c                __isr_9
                0x0000337c                __isr_30
                0x0000337c                __isr_6
                0x0000337c                __isr_22
                0x0000337c                __isr_1
                0x0000337c                __isr_15
                0x0000337c                __isr_21
 .text.crt0     0x00003380        0x2 /usr/local/msp430/bin/../lib/gcc/msp430/4.7.2/mcpu-430x/mmpy-16/msr20/mc20/libcrt0.a(_unexpected_.o)
                0x00003380                _unexpected_
 .text.libgcc   0x00003382       0x26 /usr/local/msp430/bin/../lib/gcc/msp430/4.7.2/mcpu-430x/mmpy-16/msr20/mc20/libgcc.a(_mulsi3.o)
                0x00003382                __mulsi3
 .text.libgcc   0x000033a8       0x22 /usr/local/msp430/bin/../lib/gcc/msp430/4.7.2/mcpu-430x/mmpy-16/msr20/mc20/libgcc.a(_udivmod16.o)
                0x000033a8                __udivhi3
                0x000033a8                __ext_udivmod16
                0x000033c2                __umodhi3
 .text.libgcc   0x000033ca       0x3a /usr/local/msp430/bin/../lib/gcc/msp430/4.7.2/mcpu-430x/mmpy-16/msr20/mc20/libgcc.a(_divmod16.o)
                0x000033ca                __ext_divmod16
                0x000033ca                __divhi3
                0x000033fc                __modhi3
 .text.libgcc   0x00003404       0x38 /usr/local/msp430/bin/../lib/gcc/msp430/4.7.2/mcpu-430x/mmpy-16/msr20/mc20/libgcc.a(_udivmod32.o)
                0x00003404                __udivsi3
                0x00003404                __ext_udivmod32
                0x00003432                __umodsi3
 .text.libgcc   0x0000343c       0x4c /usr/local/msp430/bin/../lib/gcc/msp430/4.7.2/mcpu-430x/mmpy-16/msr20/mc20/libgcc.a(_divmod32.o)
                0x0000343c                __ext_divmod32
                0x0000343c                __divsi3
                0x0000347e                __modsi3
 .text.libgcc   0x00003488       0xbc /usr/local/msp430/bin/../lib/gcc/msp430/4.7.2/mcpu-430x/mmpy-16/msr20/mc20/libgcc.a(_udivmod64.o)
                0x00003488                __xabi_udivmod64
                0x000034da                __udivdi3
                0x000034f4                __umoddi3
                0x00003516                __udivmoddi4
 *(SORT(.near.text) SORT(.near.text.*))
 .near.text.port1_isr
                0x00003544       0x84 build/z1/obj/adxl345.o
                0x00003544                port1_isr
                0x00003544                __isr_18
 .near.text.irq_p2
                0x000035c8       0x3c build/z1/obj/button-sensor.o
                0x000035c8                irq_p2
                0x000035c8                __isr_19
 .near.text.cc2420_timerb1_interrupt
                0x00003604       0x26 build/z1/obj/cc2420-arch-sfd.o
                0x00003604                cc2420_timerb1_interrupt
                0x00003604                __isr_28
 .near.text.timera1
                0x0000362a       0xcc build/z1/obj/clock.o
                0x0000362a                __isr_24
                0x0000362a                timera1
 .near.text.i2c_tx_interrupt
                0x000036f6       0x84 build/z1/obj/i2cmaster.o
                0x000036f6                __isr_16
                0x000036f6                i2c_tx_interrupt
 .near.text.i2c_rx_interrupt
                0x0000377a       0x14 build/z1/obj/i2cmaster.o
                0x0000377a                i2c_rx_interrupt
                0x0000377a                __isr_17
 .near.text.timera0
                0x0000378e       0x20 build/z1/obj/rtimer-arch.o
                0x0000378e                __isr_25
                0x0000378e                timera0
 .near.text.uart0_rx_interrupt
                0x000037ae       0x2a build/z1/obj/uart0.o
                0x000037ae                __isr_23
                0x000037ae                uart0_rx_interrupt
 .near.text.watchdog_interrupt
                0x000037d8        0x6 build/z1/obj/watchdog.o
                0x000037d8                __isr_26
                0x000037d8                watchdog_interrupt
 .any.text.status
                0x000037de       0x12 build/z1/obj/adxl345.o
 .any.text.accm_write_reg
                0x000037f0       0x2e build/z1/obj/adxl345.o
 .any.text.accm_write_stream
                0x0000381e       0x2a build/z1/obj/adxl345.o
 .any.text.accm_read_reg
                0x00003848       0x54 build/z1/obj/adxl345.o
 .any.text.process_thread_accmeter_process
                0x0000389c       0x56 build/z1/obj/adxl345.o
 .any.text.accm_read_axis.part.0
                0x000038f2       0x5a build/z1/obj/adxl345.o
 .any.text.value
                0x0000394c       0x1e build/z1/obj/adxl345.o
 .any.text.accm_init
                0x0000396a       0x78 build/z1/obj/adxl345.o
                0x0000396a                accm_init
 .any.text.accm_stop
                0x000039e2       0x32 build/z1/obj/adxl345.o
                0x000039e2                accm_stop
 .any.text.configure
                0x00003a14       0x26 build/z1/obj/adxl345.o
 .any.text.autostart_start
                0x00003a3a       0x16 build/z1/obj/autostart.o
                0x00003a3a                autostart_start
 .any.text.status
                0x00003a50       0x18 build/z1/obj/button-sensor.o
 .any.text.value
                0x00003a68       0x1a build/z1/obj/button-sensor.o
 .any.text.configure
                0x00003a82       0x4e build/z1/obj/button-sensor.o
 .any.text.cc2420_arch_init
                0x00003ad0       0x1a build/z1/obj/cc2420-arch.o
                0x00003ad0                cc2420_arch_init
 .any.text.get_object
                0x00003aea        0x4 build/z1/obj/cc2420.o
 .any.text.set_object
                0x00003aee        0x4 build/z1/obj/cc2420.o
 .any.text.strobe
                0x00003af2       0x1a build/z1/obj/cc2420.o
 .any.text.getreg
                0x00003b0c       0x46 build/z1/obj/cc2420.o
 .any.text.setreg
                0x00003b52       0x44 build/z1/obj/cc2420.o
 .any.text.write_ram
                0x00003b96       0x72 build/z1/obj/cc2420.o
 .any.text.write_fifo_buf
                0x00003c08       0x38 build/z1/obj/cc2420.o
 .any.text.get_status
                0x00003c40       0x1e build/z1/obj/cc2420.o
 .any.text.on   0x00003c5e       0x1a build/z1/obj/cc2420.o
 .any.text.cc2420_receiving_packet
                0x00003c78        0xa build/z1/obj/cc2420.o
 .any.text.pending_packet
                0x00003c82        0xa build/z1/obj/cc2420.o
 .any.text.wait_for_transmission
                0x00003c8c       0x22 build/z1/obj/cc2420.o
 .any.text.wait_for_status
                0x00003cae       0x24 build/z1/obj/cc2420.o
 .any.text.getrxdata
                0x00003cd2       0x4c build/z1/obj/cc2420.o
 .any.text.flushrx
                0x00003d1e       0x1a build/z1/obj/cc2420.o
 .any.text.off  0x00003d38       0x28 build/z1/obj/cc2420.o
 .any.text.RELEASE_LOCK
                0x00003d60       0x28 build/z1/obj/cc2420.o
 .any.text.set_frame_filtering
                0x00003d88       0x30 build/z1/obj/cc2420.o
 .any.text.set_auto_ack
                0x00003db8       0x30 build/z1/obj/cc2420.o
 .any.text.set_poll_mode
                0x00003de8       0x2c build/z1/obj/cc2420.o
 .any.text.cc2420_prepare
                0x00003e14       0x42 build/z1/obj/cc2420.o
 .any.text.cc2420_on
                0x00003e56       0x22 build/z1/obj/cc2420.o
                0x00003e56                cc2420_on
 .any.text.cc2420_transmit
                0x00003e78       0x66 build/z1/obj/cc2420.o
 .any.text.cc2420_send
                0x00003ede       0x12 build/z1/obj/cc2420.o
 .any.text.cc2420_off
                0x00003ef0       0x30 build/z1/obj/cc2420.o
                0x00003ef0                cc2420_off
 .any.text.cc2420_cca
                0x00003f20       0x54 build/z1/obj/cc2420.o
 .any.text.cc2420_read
                0x00003f74       0xba build/z1/obj/cc2420.o
 .any.text.process_thread_cc2420_process
                0x0000402e       0x56 build/z1/obj/cc2420.o
 .any.text.cc2420_set_channel
                0x00004084       0x3a build/z1/obj/cc2420.o
                0x00004084                cc2420_set_channel
 .any.text.cc2420_set_pan_addr
                0x000040be       0x4c build/z1/obj/cc2420.o
                0x000040be                cc2420_set_pan_addr
 .any.text.cc2420_interrupt
                0x0000410a       0x16 build/z1/obj/cc2420.o
                0x0000410a                cc2420_interrupt
 .any.text.cc2420_set_txpower
                0x00004120       0x2c build/z1/obj/cc2420.o
                0x00004120                cc2420_set_txpower
 .any.text.cc2420_get_txpower
                0x0000414c       0x1e build/z1/obj/cc2420.o
                0x0000414c                cc2420_get_txpower
 .any.text.cc2420_rssi
                0x0000416a       0x48 build/z1/obj/cc2420.o
                0x0000416a                cc2420_rssi
 .any.text.get_value
                0x000041b2      0x11e build/z1/obj/cc2420.o
 .any.text.cc2420_set_cca_threshold
                0x000042d0       0x16 build/z1/obj/cc2420.o
                0x000042d0                cc2420_set_cca_threshold
 .any.text.set_value
                0x000042e6      0x14a build/z1/obj/cc2420.o
 .any.text.cc2420_init
                0x00004430       0xea build/z1/obj/cc2420.o
                0x00004430                cc2420_init
 .any.text.clock_time
                0x0000451a       0x1a build/z1/obj/clock.o
                0x0000451a                clock_time
 .any.text.clock_init
                0x00004534       0x28 build/z1/obj/clock.o
                0x00004534                clock_init
 .any.text.clock_delay
                0x0000455c        0xc build/z1/obj/clock.o
                0x0000455c                clock_delay
 .any.text.clock_wait
                0x00004568       0x24 build/z1/obj/clock.o
                0x00004568                clock_wait
 .any.text.clock_seconds
                0x0000458c       0x1a build/z1/obj/clock.o
                0x0000458c                clock_seconds
 .any.text.schedule_transmission
                0x000045a6       0x6a build/z1/obj/csma-output.o
 .any.text.tx_done
                0x00004610       0x84 build/z1/obj/csma-output.o
 .any.text.transmit_from_queue
                0x00004694      0x1ac build/z1/obj/csma-output.o
 .any.text.csma_output_packet
                0x00004840      0x136 build/z1/obj/csma-output.o
                0x00004840                csma_output_packet
 .any.text.csma_output_init
                0x00004976       0x1a build/z1/obj/csma-output.o
                0x00004976                csma_output_init
 .any.text.csma_security_create_frame
                0x00004990       0x10 build/z1/obj/csma-security.o
                0x00004990                csma_security_create_frame
 .any.text.csma_security_parse_frame
                0x000049a0        0x6 build/z1/obj/csma-security.o
                0x000049a0                csma_security_parse_frame
 .any.text.on   0x000049a6        0x6 build/z1/obj/csma.o
 .any.text.off  0x000049ac        0x6 build/z1/obj/csma.o
 .any.text.max_payload
                0x000049b2       0x38 build/z1/obj/csma.o
 .any.text.send_packet
                0x000049ea        0x6 build/z1/obj/csma.o
 .any.text.input_packet
                0x000049f0       0x58 build/z1/obj/csma.o
 .any.text.init
                0x00004a48       0x20 build/z1/obj/csma.o
 .any.text.process_thread_ctimer_process
                0x00004a68       0x92 build/z1/obj/ctimer.o
 .any.text.ctimer_init
                0x00004afa       0x14 build/z1/obj/ctimer.o
                0x00004afa                ctimer_init
 .any.text.ctimer_set_with_process
                0x00004b0e       0x4a build/z1/obj/ctimer.o
                0x00004b0e                ctimer_set_with_process
 .any.text.ctimer_reset
                0x00004b58       0x2c build/z1/obj/ctimer.o
                0x00004b58                ctimer_reset
 .any.text.ctimer_stop
                0x00004b84       0x28 build/z1/obj/ctimer.o
                0x00004b84                ctimer_stop
 .any.text.ctimer_expired
                0x00004bac       0x2a build/z1/obj/ctimer.o
                0x00004bac                ctimer_expired
 .any.text.update_time
                0x00004bd6       0x70 build/z1/obj/etimer.o
 .any.text.etimer_request_poll
                0x00004c46        0xa build/z1/obj/etimer.o
                0x00004c46                etimer_request_poll
 .any.text.process_thread_etimer_process
                0x00004c50       0xc4 build/z1/obj/etimer.o
 .any.text.add_timer
                0x00004d14       0x40 build/z1/obj/etimer.o
 .any.text.etimer_set
                0x00004d54       0x12 build/z1/obj/etimer.o
                0x00004d54                etimer_set
 .any.text.etimer_reset
                0x00004d66       0x12 build/z1/obj/etimer.o
                0x00004d66                etimer_reset
 .any.text.etimer_pending
                0x00004d78        0xc build/z1/obj/etimer.o
                0x00004d78                etimer_pending
 .any.text.etimer_next_expiration_time
                0x00004d84       0x16 build/z1/obj/etimer.o
                0x00004d84                etimer_next_expiration_time
 .any.text.etimer_stop
                0x00004d9a       0x3e build/z1/obj/etimer.o
                0x00004d9a                etimer_stop
 .any.text.frame802154_get_pan_id
                0x00004dd8        0x6 build/z1/obj/frame802154.o
                0x00004dd8                frame802154_get_pan_id
 .any.text.frame802154_has_panid
                0x00004dde       0xe0 build/z1/obj/frame802154.o
                0x00004dde                frame802154_has_panid
 .any.text.field_len
                0x00004ebe       0xa6 build/z1/obj/frame802154.o
 .any.text.frame802154_is_broadcast_addr
                0x00004f64       0x28 build/z1/obj/frame802154.o
                0x00004f64                frame802154_is_broadcast_addr
 .any.text.frame802154_hdrlen
                0x00004f8c       0x32 build/z1/obj/frame802154.o
                0x00004f8c                frame802154_hdrlen
 .any.text.frame802154_create_fcf
                0x00004fbe       0x6e build/z1/obj/frame802154.o
                0x00004fbe                frame802154_create_fcf
 .any.text.frame802154_create
                0x0000502c       0xbe build/z1/obj/frame802154.o
                0x0000502c                frame802154_create
 .any.text.frame802154_parse_fcf
                0x000050ea       0x8c build/z1/obj/frame802154.o
                0x000050ea                frame802154_parse_fcf
 .any.text.frame802154_parse
                0x00005176      0x15c build/z1/obj/frame802154.o
                0x00005176                frame802154_parse
 .any.text.parse
                0x000052d2       0x9e build/z1/obj/framer-802154.o
 .any.text.framer_802154_setup_params
                0x00005370       0xae build/z1/obj/framer-802154.o
                0x00005370                framer_802154_setup_params
 .any.text.create_frame
                0x0000541e       0x9e build/z1/obj/framer-802154.o
 .any.text.create
                0x000054bc        0x8 build/z1/obj/framer-802154.o
 .any.text.hdr_length
                0x000054c4        0x8 build/z1/obj/framer-802154.o
 .any.text.i2c_receiveinit
                0x000054cc       0x36 build/z1/obj/i2cmaster.o
                0x000054cc                i2c_receiveinit
 .any.text.i2c_transmitinit
                0x00005502       0x30 build/z1/obj/i2cmaster.o
                0x00005502                i2c_transmitinit
 .any.text.i2c_receive_n
                0x00005532       0x3e build/z1/obj/i2cmaster.o
                0x00005532                i2c_receive_n
 .any.text.i2c_busy
                0x00005570        0xa build/z1/obj/i2cmaster.o
                0x00005570                i2c_busy
 .any.text.i2c_enable
                0x0000557a       0x22 build/z1/obj/i2cmaster.o
                0x0000557a                i2c_enable
 .any.text.i2c_transmit_n
                0x0000559c       0x14 build/z1/obj/i2cmaster.o
                0x0000559c                i2c_transmit_n
 .any.text.leds_arch_init
                0x000055b0        0xe build/z1/obj/leds-arch.o
                0x000055b0                leds_arch_init
 .any.text.leds_arch_get
                0x000055be       0x34 build/z1/obj/leds-arch.o
                0x000055be                leds_arch_get
 .any.text.leds_arch_set
                0x000055f2       0x3e build/z1/obj/leds-arch.o
                0x000055f2                leds_arch_set
 .any.text.leds_init
                0x00005630        0x6 build/z1/obj/leds.o
                0x00005630                leds_init
 .any.text.leds_on
                0x00005636       0x12 build/z1/obj/leds.o
                0x00005636                leds_on
 .any.text.leds_off
                0x00005648       0x12 build/z1/obj/leds.o
                0x00005648                leds_off
 .any.text.periodic
                0x0000565a       0x2c build/z1/obj/link-stats.o
 .any.text.link_stats_from_lladdr
                0x00005686        0xc build/z1/obj/link-stats.o
                0x00005686                link_stats_from_lladdr
 .any.text.link_stats_is_fresh
                0x00005692       0x30 build/z1/obj/link-stats.o
                0x00005692                link_stats_is_fresh
 .any.text.link_stats_packet_sent
                0x000056c2       0xe2 build/z1/obj/link-stats.o
                0x000056c2                link_stats_packet_sent
 .any.text.link_stats_input_callback
                0x000057a4       0xf6 build/z1/obj/link-stats.o
                0x000057a4                link_stats_input_callback
 .any.text.link_stats_reset
                0x0000589a       0x2a build/z1/obj/link-stats.o
                0x0000589a                link_stats_reset
 .any.text.link_stats_init
                0x000058c4       0x26 build/z1/obj/link-stats.o
                0x000058c4                link_stats_init
 .any.text.linkaddr_copy
                0x000058ea        0x8 build/z1/obj/linkaddr.o
                0x000058ea                linkaddr_copy
 .any.text.linkaddr_cmp
                0x000058f2       0x12 build/z1/obj/linkaddr.o
                0x000058f2                linkaddr_cmp
 .any.text.list_tail
                0x00005904       0x12 build/z1/obj/list.o
                0x00005904                list_tail
 .any.text.list_remove
                0x00005916       0x34 build/z1/obj/list.o
                0x00005916                list_remove
 .any.text.list_push
                0x0000594a       0x16 build/z1/obj/list.o
                0x0000594a                list_push
 .any.text.list_add
                0x00005960       0x26 build/z1/obj/list.o
                0x00005960                list_add
 .any.text.list_length
                0x00005986       0x10 build/z1/obj/list.o
                0x00005986                list_length
 .any.text.log_6addr
                0x00005996       0x32 build/z1/obj/log.o
                0x00005996                log_6addr
 .any.text.log_lladdr
                0x000059c8       0x40 build/z1/obj/log.o
                0x000059c8                log_lladdr
 .any.text.mac_sequence_init
                0x00005a08        0xa build/z1/obj/mac-sequence.o
                0x00005a08                mac_sequence_init
 .any.text.mac_sequence_set_dsn
                0x00005a12       0x18 build/z1/obj/mac-sequence.o
                0x00005a12                mac_sequence_set_dsn
 .any.text.mac_sequence_is_duplicate
                0x00005a2a       0x6e build/z1/obj/mac-sequence.o
                0x00005a2a                mac_sequence_is_duplicate
 .any.text.mac_sequence_register_seqno
                0x00005a98       0x86 build/z1/obj/mac-sequence.o
                0x00005a98                mac_sequence_register_seqno
 .any.text.memb_init
                0x00005b1e       0x36 build/z1/obj/memb.o
                0x00005b1e                memb_init
 .any.text.memb_alloc
                0x00005b54       0x3e build/z1/obj/memb.o
                0x00005b54                memb_alloc
 .any.text.memb_free
                0x00005b92       0x32 build/z1/obj/memb.o
                0x00005b92                memb_free
 .any.text.memb_inmemb
                0x00005bc4       0x2a build/z1/obj/memb.o
                0x00005bc4                memb_inmemb
 .any.text.memb_numfree
                0x00005bee       0x26 build/z1/obj/memb.o
                0x00005bee                memb_numfree
 .any.text.msp430_init_dco
                0x00005c14       0x28 build/z1/obj/msp430.o
                0x00005c14                msp430_init_dco
 .any.text.splhigh_
                0x00005c3c        0xa build/z1/obj/msp430.o
                0x00005c3c                splhigh_
 .any.text.msp430_sync_dco
                0x00005c46       0x6e build/z1/obj/msp430.o
                0x00005c46                msp430_sync_dco
 .any.text.msp430_cpu_init
                0x00005cb4       0x2e build/z1/obj/msp430.o
                0x00005cb4                msp430_cpu_init
 .any.text.item_from_index
                0x00005ce2       0x2a build/z1/obj/nbr-table.o
 .any.text.index_from_key
                0x00005d0c       0x26 build/z1/obj/nbr-table.o
 .any.text.index_from_item
                0x00005d32       0x1e build/z1/obj/nbr-table.o
 .any.text.nbr_set_bit
                0x00005d50       0x4c build/z1/obj/nbr-table.o
 .any.text.index_from_lladdr
                0x00005d9c       0x34 build/z1/obj/nbr-table.o
 .any.text.nbr_get_bit.constprop.3
                0x00005dd0       0x28 build/z1/obj/nbr-table.o
 .any.text.remove_key
                0x00005df8       0x70 build/z1/obj/nbr-table.o
 .any.text.nbr_table_is_registered
                0x00005e68       0x22 build/z1/obj/nbr-table.o
                0x00005e68                nbr_table_is_registered
 .any.text.nbr_table_register
                0x00005e8a       0x3c build/z1/obj/nbr-table.o
                0x00005e8a                nbr_table_register
 .any.text.nbr_table_next
                0x00005ec6       0x4e build/z1/obj/nbr-table.o
                0x00005ec6                nbr_table_next
 .any.text.nbr_table_head
                0x00005f14       0x32 build/z1/obj/nbr-table.o
                0x00005f14                nbr_table_head
 .any.text.nbr_table_get_from_lladdr
                0x00005f46       0x28 build/z1/obj/nbr-table.o
                0x00005f46                nbr_table_get_from_lladdr
 .any.text.entry_is_allowed.isra.2
                0x00005f6e       0x6c build/z1/obj/nbr-table.o
 .any.text.nbr_table_add_lladdr
                0x00005fda       0xb2 build/z1/obj/nbr-table.o
                0x00005fda                nbr_table_add_lladdr
 .any.text.nbr_table_remove
                0x0000608c       0x2a build/z1/obj/nbr-table.o
                0x0000608c                nbr_table_remove
 .any.text.nbr_table_lock
                0x000060b6       0x10 build/z1/obj/nbr-table.o
                0x000060b6                nbr_table_lock
 .any.text.nbr_table_unlock
                0x000060c6       0x10 build/z1/obj/nbr-table.o
                0x000060c6                nbr_table_unlock
 .any.text.nbr_table_get_lladdr
                0x000060d6       0x20 build/z1/obj/nbr-table.o
                0x000060d6                nbr_table_get_lladdr
 .any.text.netstack_process_ip_callback
                0x000060f6       0x40 build/z1/obj/netstack.o
                0x000060f6                netstack_process_ip_callback
 .any.text.node_id_z1_restore
                0x00006136       0x4c build/z1/obj/node-id-z1.o
                0x00006136                node_id_z1_restore
 .any.text.packetbuf_hdrreduce
                0x00006182       0x1a build/z1/obj/packetbuf.o
                0x00006182                packetbuf_hdrreduce
 .any.text.packetbuf_set_datalen
                0x0000619c        0x6 build/z1/obj/packetbuf.o
                0x0000619c                packetbuf_set_datalen
 .any.text.packetbuf_hdrptr
                0x000061a2        0x6 build/z1/obj/packetbuf.o
                0x000061a2                packetbuf_hdrptr
 .any.text.packetbuf_datalen
                0x000061a8        0x6 build/z1/obj/packetbuf.o
                0x000061a8                packetbuf_datalen
 .any.text.packetbuf_hdrlen
                0x000061ae        0xa build/z1/obj/packetbuf.o
                0x000061ae                packetbuf_hdrlen
 .any.text.packetbuf_dataptr
                0x000061b8        0xc build/z1/obj/packetbuf.o
                0x000061b8                packetbuf_dataptr
 .any.text.packetbuf_copyto
                0x000061c4       0x3a build/z1/obj/packetbuf.o
                0x000061c4                packetbuf_copyto
 .any.text.packetbuf_totlen
                0x000061fe        0xc build/z1/obj/packetbuf.o
                0x000061fe                packetbuf_totlen
 .any.text.packetbuf_hdralloc
                0x0000620a       0x3c build/z1/obj/packetbuf.o
                0x0000620a                packetbuf_hdralloc
 .any.text.packetbuf_attr_clear
                0x00006246       0x28 build/z1/obj/packetbuf.o
                0x00006246                packetbuf_attr_clear
 .any.text.packetbuf_clear
                0x0000626e       0x12 build/z1/obj/packetbuf.o
                0x0000626e                packetbuf_clear
 .any.text.packetbuf_copyfrom
                0x00006280       0x2a build/z1/obj/packetbuf.o
                0x00006280                packetbuf_copyfrom
 .any.text.packetbuf_attr_copyto
                0x000062aa       0x22 build/z1/obj/packetbuf.o
                0x000062aa                packetbuf_attr_copyto
 .any.text.packetbuf_attr_copyfrom
                0x000062cc       0x24 build/z1/obj/packetbuf.o
                0x000062cc                packetbuf_attr_copyfrom
 .any.text.packetbuf_set_attr
                0x000062f0        0xa build/z1/obj/packetbuf.o
                0x000062f0                packetbuf_set_attr
 .any.text.packetbuf_attr
                0x000062fa        0xa build/z1/obj/packetbuf.o
                0x000062fa                packetbuf_attr
 .any.text.packetbuf_set_addr
                0x00006304       0x12 build/z1/obj/packetbuf.o
                0x00006304                packetbuf_set_addr
 .any.text.packetbuf_addr
                0x00006316        0xe build/z1/obj/packetbuf.o
                0x00006316                packetbuf_addr
 .any.text.packetbuf_holds_broadcast
                0x00006324        0xe build/z1/obj/packetbuf.o
                0x00006324                packetbuf_holds_broadcast
 .any.text.platform_init_stage_one
                0x00006332       0x12 build/z1/obj/platform.o
                0x00006332                platform_init_stage_one
 .any.text.platform_init_stage_two
                0x00006344       0xbe build/z1/obj/platform.o
                0x00006344                platform_init_stage_two
 .any.text.platform_init_stage_three
                0x00006402       0x78 build/z1/obj/platform.o
                0x00006402                platform_init_stage_three
 .any.text.platform_idle
                0x0000647a       0x54 build/z1/obj/platform.o
                0x0000647a                platform_idle
 .any.text.call_process
                0x000064ce       0x40 build/z1/obj/process.o
 .any.text.exit_process
                0x0000650e       0x8e build/z1/obj/process.o
 .any.text.do_poll
                0x0000659c       0x30 build/z1/obj/process.o
 .any.text.process_alloc_event
                0x000065cc       0x18 build/z1/obj/process.o
                0x000065cc                process_alloc_event
 .any.text.process_init
                0x000065e4        0x8 build/z1/obj/process.o
                0x000065e4                process_init
 .any.text.process_run
                0x000065ec       0x86 build/z1/obj/process.o
                0x000065ec                process_run
 .any.text.process_nevents
                0x00006672        0xa build/z1/obj/process.o
                0x00006672                process_nevents
 .any.text.process_post
                0x0000667c       0x4a build/z1/obj/process.o
                0x0000667c                process_post
 .any.text.process_post_synch
                0x000066c6       0x12 build/z1/obj/process.o
                0x000066c6                process_post_synch
 .any.text.process_start
                0x000066d8       0x36 build/z1/obj/process.o
                0x000066d8                process_start
 .any.text.process_poll
                0x0000670e       0x18 build/z1/obj/process.o
                0x0000670e                process_poll
 .any.text.queuebuf_init
                0x00006726       0x12 build/z1/obj/queuebuf.o
                0x00006726                queuebuf_init
 .any.text.queuebuf_numfree
                0x00006738        0xa build/z1/obj/queuebuf.o
                0x00006738                queuebuf_numfree
 .any.text.queuebuf_new_from_packetbuf
                0x00006742       0x4e build/z1/obj/queuebuf.o
                0x00006742                queuebuf_new_from_packetbuf
 .any.text.queuebuf_update_attr_from_packetbuf
                0x00006790       0x12 build/z1/obj/queuebuf.o
                0x00006790                queuebuf_update_attr_from_packetbuf
 .any.text.queuebuf_free
                0x000067a2       0x2a build/z1/obj/queuebuf.o
                0x000067a2                queuebuf_free
 .any.text.queuebuf_to_packetbuf
                0x000067cc       0x32 build/z1/obj/queuebuf.o
                0x000067cc                queuebuf_to_packetbuf
 .any.text.random_init
                0x000067fe        0x6 build/z1/obj/random.o
                0x000067fe                random_init
 .any.text.random_rand
                0x00006804        0x6 build/z1/obj/random.o
                0x00006804                random_rand
 .any.text.rpl_dag_root_set_prefix
                0x0000680a       0x5e build/z1/obj/rpl-dag-root.o
                0x0000680a                rpl_dag_root_set_prefix
 .any.text.rpl_dag_root_start
                0x00006868       0x82 build/z1/obj/rpl-dag-root.o
                0x00006868                rpl_dag_root_start
 .any.text.rpl_dag_root_is_root
                0x000068ea       0x14 build/z1/obj/rpl-dag-root.o
                0x000068ea                rpl_dag_root_is_root
 .any.text.init_dag
                0x000068fe       0x78 build/z1/obj/rpl-dag.o
 .any.text.process_dio_init_dag
                0x00006976       0xb0 build/z1/obj/rpl-dag.o
 .any.text.rpl_dag_get_root_ipaddr
                0x00006a26       0x1e build/z1/obj/rpl-dag.o
                0x00006a26                rpl_dag_get_root_ipaddr
 .any.text.rpl_dag_leave
                0x00006a44       0x4a build/z1/obj/rpl-dag.o
                0x00006a44                rpl_dag_leave
 .any.text.rpl_dag_poison_and_leave
                0x00006a8e        0xc build/z1/obj/rpl-dag.o
                0x00006a8e                rpl_dag_poison_and_leave
 .any.text.rpl_dag_periodic
                0x00006a9a       0x6a build/z1/obj/rpl-dag.o
                0x00006a9a                rpl_dag_periodic
 .any.text.rpl_is_addr_in_our_dag
                0x00006b04       0x26 build/z1/obj/rpl-dag.o
                0x00006b04                rpl_is_addr_in_our_dag
 .any.text.rpl_local_repair
                0x00006b2a       0x2a build/z1/obj/rpl-dag.o
                0x00006b2a                rpl_local_repair
 .any.text.rpl_global_repair
                0x00006b54       0x2e build/z1/obj/rpl-dag.o
                0x00006b54                rpl_global_repair
 .any.text.rpl_dag_ready_to_advertise
                0x00006b82       0x22 build/z1/obj/rpl-dag.o
                0x00006b82                rpl_dag_ready_to_advertise
 .any.text.rpl_dag_update_state
                0x00006ba4      0x13c build/z1/obj/rpl-dag.o
                0x00006ba4                rpl_dag_update_state
 .any.text.rpl_process_dio
                0x00006ce0      0x19e build/z1/obj/rpl-dag.o
                0x00006ce0                rpl_process_dio
 .any.text.rpl_process_dis
                0x00006e7e       0x2a build/z1/obj/rpl-dag.o
                0x00006e7e                rpl_process_dis
 .any.text.rpl_process_dao
                0x00006ea8       0x66 build/z1/obj/rpl-dag.o
                0x00006ea8                rpl_process_dao
 .any.text.rpl_process_dao_ack
                0x00006f0e       0x50 build/z1/obj/rpl-dag.o
                0x00006f0e                rpl_process_dao_ack
 .any.text.rpl_process_hbh
                0x00006f5e       0x26 build/z1/obj/rpl-dag.o
                0x00006f5e                rpl_process_hbh
 .any.text.rpl_dag_init_root
                0x00006f84       0xac build/z1/obj/rpl-dag.o
                0x00006f84                rpl_dag_init_root
 .any.text.rpl_dag_init
                0x00007030       0x10 build/z1/obj/rpl-dag.o
                0x00007030                rpl_dag_init
 .any.text.update_hbh_header
                0x00007040       0x4a build/z1/obj/rpl-ext-header.o
 .any.text.rpl_ext_header_srh_get_next_hop
                0x0000708a       0x7c build/z1/obj/rpl-ext-header.o
                0x0000708a                rpl_ext_header_srh_get_next_hop
 .any.text.rpl_ext_header_srh_update
                0x00007106       0xe8 build/z1/obj/rpl-ext-header.o
                0x00007106                rpl_ext_header_srh_update
 .any.text.rpl_ext_header_hbh_update
                0x000071ee       0x88 build/z1/obj/rpl-ext-header.o
                0x000071ee                rpl_ext_header_hbh_update
 .any.text.rpl_ext_header_remove
                0x00007276       0xc0 build/z1/obj/rpl-ext-header.o
                0x00007276                rpl_ext_header_remove
 .any.text.rpl_ext_header_update
                0x00007336      0x266 build/z1/obj/rpl-ext-header.o
                0x00007336                rpl_ext_header_update
 .any.text.get32
                0x0000759c       0x3e build/z1/obj/rpl-icmp6.o
 .any.text.set32
                0x000075da       0x2a build/z1/obj/rpl-icmp6.o
 .any.text.get16
                0x00007604        0xe build/z1/obj/rpl-icmp6.o
 .any.text.set16
                0x00007612       0x10 build/z1/obj/rpl-icmp6.o
 .any.text.dao_ack_input
                0x00007622       0x30 build/z1/obj/rpl-icmp6.o
 .any.text.dao_input
                0x00007652      0x158 build/z1/obj/rpl-icmp6.o
 .any.text.dio_input
                0x000077aa      0x292 build/z1/obj/rpl-icmp6.o
 .any.text.dis_input
                0x00007a3c       0x1e build/z1/obj/rpl-icmp6.o
 .any.text.rpl_icmp6_update_nbr_table
                0x00007a5a       0x2e build/z1/obj/rpl-icmp6.o
                0x00007a5a                rpl_icmp6_update_nbr_table
 .any.text.rpl_icmp6_dis_output
                0x00007a88       0x34 build/z1/obj/rpl-icmp6.o
                0x00007a88                rpl_icmp6_dis_output
 .any.text.rpl_icmp6_dio_output
                0x00007abc      0x20a build/z1/obj/rpl-icmp6.o
                0x00007abc                rpl_icmp6_dio_output
 .any.text.rpl_icmp6_dao_output
                0x00007cc6       0xd6 build/z1/obj/rpl-icmp6.o
                0x00007cc6                rpl_icmp6_dao_output
 .any.text.rpl_icmp6_dao_ack_output
                0x00007d9c       0x46 build/z1/obj/rpl-icmp6.o
                0x00007d9c                rpl_icmp6_dao_ack_output
 .any.text.rpl_icmp6_init
                0x00007de2       0x22 build/z1/obj/rpl-icmp6.o
                0x00007de2                rpl_icmp6_init
 .any.text.reset
                0x00007e04        0x2 build/z1/obj/rpl-mrhof.o
 .any.text.update_metric_container
                0x00007e06        0x6 build/z1/obj/rpl-mrhof.o
 .any.text.nbr_link_metric
                0x00007e0c       0x12 build/z1/obj/rpl-mrhof.o
 .any.text.nbr_has_usable_link
                0x00007e1e       0x14 build/z1/obj/rpl-mrhof.o
 .any.text.nbr_path_cost
                0x00007e32       0x34 build/z1/obj/rpl-mrhof.o
 .any.text.within_hysteresis
                0x00007e66       0x4c build/z1/obj/rpl-mrhof.o
 .any.text.nbr_is_acceptable_parent
                0x00007eb2       0x28 build/z1/obj/rpl-mrhof.o
 .any.text.rank_via_nbr
                0x00007eda       0x40 build/z1/obj/rpl-mrhof.o
 .any.text.best_parent
                0x00007f1a       0x74 build/z1/obj/rpl-mrhof.o
 .any.text.get_rank
                0x00007f8e       0x16 build/z1/obj/rpl-nbr-policy.o
 .any.text.rpl_nbr_gc_get_worst
                0x00007fa4       0x20 build/z1/obj/rpl-nbr-policy.o
                0x00007fa4                rpl_nbr_gc_get_worst
 .any.text.remove_neighbor
                0x00007fc4       0x24 build/z1/obj/rpl-neighbor.o
 .any.text.rpl_neighbor_get_from_lladdr
                0x00007fe8        0xc build/z1/obj/rpl-neighbor.o
                0x00007fe8                rpl_neighbor_get_from_lladdr
 .any.text.rpl_neighbor_rank_via_nbr
                0x00007ff4       0x18 build/z1/obj/rpl-neighbor.o
                0x00007ff4                rpl_neighbor_rank_via_nbr
 .any.text.rpl_neighbor_get_lladdr
                0x0000800c        0xc build/z1/obj/rpl-neighbor.o
                0x0000800c                rpl_neighbor_get_lladdr
 .any.text.rpl_neighbor_get_ipaddr
                0x00008018        0xa build/z1/obj/rpl-neighbor.o
                0x00008018                rpl_neighbor_get_ipaddr
 .any.text.rpl_neighbor_get_link_stats
                0x00008022        0xa build/z1/obj/rpl-neighbor.o
                0x00008022                rpl_neighbor_get_link_stats
 .any.text.rpl_neighbor_is_fresh
                0x0000802c        0xa build/z1/obj/rpl-neighbor.o
                0x0000802c                rpl_neighbor_is_fresh
 .any.text.best_parent
                0x00008036       0x9c build/z1/obj/rpl-neighbor.o
 .any.text.rpl_neighbor_set_preferred_parent
                0x000080d2       0x48 build/z1/obj/rpl-neighbor.o
                0x000080d2                rpl_neighbor_set_preferred_parent
 .any.text.rpl_neighbor_remove_all
                0x0000811a       0x30 build/z1/obj/rpl-neighbor.o
                0x0000811a                rpl_neighbor_remove_all
 .any.text.rpl_neighbor_get_from_ipaddr
                0x0000814a       0x14 build/z1/obj/rpl-neighbor.o
                0x0000814a                rpl_neighbor_get_from_ipaddr
 .any.text.rpl_neighbor_select_best
                0x0000815e       0x54 build/z1/obj/rpl-neighbor.o
                0x0000815e                rpl_neighbor_select_best
 .any.text.rpl_neighbor_init
                0x000081b2        0xe build/z1/obj/rpl-neighbor.o
                0x000081b2                rpl_neighbor_init
 .any.text.handle_state_update
                0x000081c0        0x6 build/z1/obj/rpl-timers.o
 .any.text.handle_leaving_timer
                0x000081c6        0xc build/z1/obj/rpl-timers.o
 .any.text.handle_unicast_dio_timer
                0x000081d2       0x12 build/z1/obj/rpl-timers.o
 .any.text.handle_dao_ack_timer
                0x000081e4       0x12 build/z1/obj/rpl-timers.o
 .any.text.ctimer_set.constprop.3
                0x000081f6        0xe build/z1/obj/rpl-timers.o
 .any.text.new_dio_interval
                0x00008204       0x82 build/z1/obj/rpl-timers.o
 .any.text.handle_dio_timer
                0x00008286       0x6a build/z1/obj/rpl-timers.o
 .any.text.schedule_dao_retransmission
                0x000082f0       0x2c build/z1/obj/rpl-timers.o
 .any.text.send_new_dao
                0x0000831c       0x28 build/z1/obj/rpl-timers.o
 .any.text.resend_dao
                0x00008344       0x24 build/z1/obj/rpl-timers.o
 .any.text.rpl_timers_schedule_periodic_dis
                0x00008368       0x38 build/z1/obj/rpl-timers.o
                0x00008368                rpl_timers_schedule_periodic_dis
 .any.text.handle_periodic_timer
                0x000083a0       0x3a build/z1/obj/rpl-timers.o
 .any.text.handle_dis_timer
                0x000083da       0x26 build/z1/obj/rpl-timers.o
 .any.text.rpl_timers_dio_reset
                0x00008400       0x2e build/z1/obj/rpl-timers.o
                0x00008400                rpl_timers_dio_reset
 .any.text.rpl_timers_schedule_unicast_dio
                0x0000842e       0x1c build/z1/obj/rpl-timers.o
                0x0000842e                rpl_timers_schedule_unicast_dio
 .any.text.rpl_timers_schedule_dao
                0x0000844a       0x34 build/z1/obj/rpl-timers.o
                0x0000844a                rpl_timers_schedule_dao
 .any.text.rpl_timers_schedule_dao_ack
                0x0000847e       0x30 build/z1/obj/rpl-timers.o
                0x0000847e                rpl_timers_schedule_dao_ack
 .any.text.rpl_timers_notify_dao_ack
                0x000084ae       0x7a build/z1/obj/rpl-timers.o
                0x000084ae                rpl_timers_notify_dao_ack
 .any.text.get_probing_delay
                0x00008528       0x1c build/z1/obj/rpl-timers.o
                0x00008528                get_probing_delay
 .any.text.get_probing_target
                0x00008544       0xda build/z1/obj/rpl-timers.o
                0x00008544                get_probing_target
 .any.text.rpl_schedule_probing
                0x0000861e       0x1c build/z1/obj/rpl-timers.o
                0x0000861e                rpl_schedule_probing
 .any.text.handle_probing_timer
                0x0000863a       0x26 build/z1/obj/rpl-timers.o
 .any.text.rpl_schedule_probing_now
                0x00008660       0x20 build/z1/obj/rpl-timers.o
                0x00008660                rpl_schedule_probing_now
 .any.text.rpl_timers_unschedule_leaving
                0x00008680       0x1c build/z1/obj/rpl-timers.o
                0x00008680                rpl_timers_unschedule_leaving
 .any.text.rpl_timers_schedule_leaving
                0x0000869c       0x26 build/z1/obj/rpl-timers.o
                0x0000869c                rpl_timers_schedule_leaving
 .any.text.rpl_timers_init
                0x000086c2       0x18 build/z1/obj/rpl-timers.o
                0x000086c2                rpl_timers_init
 .any.text.rpl_timers_stop_dag_timers
                0x000086da       0x4c build/z1/obj/rpl-timers.o
                0x000086da                rpl_timers_stop_dag_timers
 .any.text.rpl_timers_schedule_state_update
                0x00008726       0x18 build/z1/obj/rpl-timers.o
                0x00008726                rpl_timers_schedule_state_update
 .any.text.rpl_has_joined
                0x0000873e       0x12 build/z1/obj/rpl.o
                0x0000873e                rpl_has_joined
 .any.text.rpl_is_reachable
                0x00008750       0x12 build/z1/obj/rpl.o
                0x00008750                rpl_is_reachable
 .any.text.neighbor_state_changed
                0x00008762        0x2 build/z1/obj/rpl.o
 .any.text.drop_route
                0x00008764        0x2 build/z1/obj/rpl.o
 .any.text.rpl_get_leaf_only
                0x00008766        0x6 build/z1/obj/rpl.o
                0x00008766                rpl_get_leaf_only
 .any.text.get_sr_node_ipaddr
                0x0000876c       0x30 build/z1/obj/rpl.o
 .any.text.init
                0x0000879c       0x42 build/z1/obj/rpl.o
 .any.text.set_ip_from_prefix
                0x000087de       0x30 build/z1/obj/rpl.o
 .any.text.rpl_link_callback
                0x0000880e       0x1e build/z1/obj/rpl.o
                0x0000880e                rpl_link_callback
 .any.text.rpl_lollipop_greater_than
                0x0000882c       0x3c build/z1/obj/rpl.o
                0x0000882c                rpl_lollipop_greater_than
 .any.text.rpl_get_global_address
                0x00008868       0x8c build/z1/obj/rpl.o
                0x00008868                rpl_get_global_address
 .any.text.rpl_reset_prefix
                0x000088f4       0x24 build/z1/obj/rpl.o
                0x000088f4                rpl_reset_prefix
 .any.text.rpl_set_prefix_from_addr
                0x00008918       0x80 build/z1/obj/rpl.o
                0x00008918                rpl_set_prefix_from_addr
 .any.text.rtimer_arch_init
                0x00008998        0xe build/z1/obj/rtimer-arch.o
                0x00008998                rtimer_arch_init
 .any.text.rtimer_arch_now
                0x000089a6        0xe build/z1/obj/rtimer-arch.o
                0x000089a6                rtimer_arch_now
 .any.text.rtimer_run_next
                0x000089b4       0x18 build/z1/obj/rtimer.o
                0x000089b4                rtimer_run_next
 .any.text.process_thread_sensors_process
                0x000089cc       0xc2 build/z1/obj/sensors.o
 .any.text.sensors_changed
                0x00008a8e       0x2a build/z1/obj/sensors.o
                0x00008a8e                sensors_changed
 .any.text.clear_fragments
                0x00008ab8       0x40 build/z1/obj/sicslowpan.o
 .any.text.addr_context_lookup_by_number
                0x00008af8       0x16 build/z1/obj/sicslowpan.o
 .any.text.sicslowpan_init
                0x00008b0e       0x18 build/z1/obj/sicslowpan.o
                0x00008b0e                sicslowpan_init
 .any.text.set_packet_attrs
                0x00008b26       0x66 build/z1/obj/sicslowpan.o
 .any.text.compress_addr_64
                0x00008b8c       0x9a build/z1/obj/sicslowpan.o
 .any.text.addr_context_lookup_by_prefix
                0x00008c26       0x20 build/z1/obj/sicslowpan.o
 .any.text.send_packet
                0x00008c46       0x10 build/z1/obj/sicslowpan.o
 .any.text.fragment_copy_payload_and_send
                0x00008c56       0x54 build/z1/obj/sicslowpan.o
 .any.text.packet_sent
                0x00008caa       0x4e build/z1/obj/sicslowpan.o
 .any.text.store_fragment
                0x00008cf8       0x72 build/z1/obj/sicslowpan.o
 .any.text.add_fragment
                0x00008d6a      0x1e8 build/z1/obj/sicslowpan.o
 .any.text.uncompress_addr
                0x00008f52       0xb0 build/z1/obj/sicslowpan.o
 .any.text.output
                0x00009002      0x746 build/z1/obj/sicslowpan.o
 .any.text.input
                0x00009748      0x99c build/z1/obj/sicslowpan.o
 .any.text.process_thread_simple_udp_process
                0x0000a0e4       0xa8 build/z1/obj/simple-udp.o
 .any.text.simple_udp_sendto
                0x0000a18c       0x28 build/z1/obj/simple-udp.o
                0x0000a18c                simple_udp_sendto
 .any.text.simple_udp_register
                0x0000a1b4       0x8c build/z1/obj/simple-udp.o
                0x0000a1b4                simple_udp_register
 .any.text.spi_init
                0x0000a240       0x32 build/z1/obj/spi-legacy.o
                0x0000a240                spi_init
 .any.text.stack_check_init
                0x0000a272       0x2e build/z1/obj/stack-check.o
                0x0000a272                stack_check_init
 .any.text.stack_check_get_usage
                0x0000a2a0       0x46 build/z1/obj/stack-check.o
                0x0000a2a0                stack_check_get_usage
 .any.text.process_thread_stack_check_process
                0x0000a2e6       0x88 build/z1/obj/stack-check.o
 .any.text.stimer_expired
                0x0000a36e       0x30 build/z1/obj/stimer.o
                0x0000a36e                stimer_expired
 .any.text.tcpip_output
                0x0000a39e       0x22 build/z1/obj/tcpip.o
                0x0000a39e                tcpip_output
 .any.text.udp_new
                0x0000a3c0       0x1a build/z1/obj/tcpip.o
                0x0000a3c0                udp_new
 .any.text.tcpip_input
                0x0000a3da       0x1e build/z1/obj/tcpip.o
                0x0000a3da                tcpip_input
 .any.text.tcpip_ipv6_output
                0x0000a3f8      0x10c build/z1/obj/tcpip.o
                0x0000a3f8                tcpip_ipv6_output
 .any.text.packet_input.part.3
                0x0000a504       0x12 build/z1/obj/tcpip.o
 .any.text.process_thread_tcpip_process
                0x0000a516       0xb0 build/z1/obj/tcpip.o
 .any.text.tcpip_uipcall
                0x0000a5c6       0x2a build/z1/obj/tcpip.o
                0x0000a5c6                tcpip_uipcall
 .any.text.timer_set
                0x0000a5f0       0x1c build/z1/obj/timer.o
                0x0000a5f0                timer_set
 .any.text.timer_expired
                0x0000a60c       0x2a build/z1/obj/timer.o
                0x0000a60c                timer_expired
 .any.text.timer_reset
                0x0000a636       0x1c build/z1/obj/timer.o
                0x0000a636                timer_reset
 .any.text.status
                0x0000a652       0x12 build/z1/obj/tmp102.o
 .any.text.tmp102_init
                0x0000a664       0x24 build/z1/obj/tmp102.o
                0x0000a664                tmp102_init
 .any.text.tmp102_stop
                0x0000a688        0xa build/z1/obj/tmp102.o
                0x0000a688                tmp102_stop
 .any.text.configure
                0x0000a692       0x26 build/z1/obj/tmp102.o
 .any.text.tmp102_read_reg
                0x0000a6b8       0x5e build/z1/obj/tmp102.o
                0x0000a6b8                tmp102_read_reg
 .any.text.tmp102_read_temp_x100
                0x0000a716       0x58 build/z1/obj/tmp102.o
                0x0000a716                tmp102_read_temp_x100
 .any.text.value
                0x0000a76e        0x6 build/z1/obj/tmp102.o
 .any.text.putchar
                0x0000a774       0x10 build/z1/obj/uart-putchar.o
                0x0000a774                putchar
 .any.text.uart0_active
                0x0000a784        0xe build/z1/obj/uart0.o
                0x0000a784                uart0_active
 .any.text.uart0_writeb
                0x0000a792       0x16 build/z1/obj/uart0.o
                0x0000a792                uart0_writeb
 .any.text.uart0_init
                0x0000a7a8       0x4e build/z1/obj/uart0.o
                0x0000a7a8                uart0_init
 .any.text.udp_rx_callback
                0x0000a7f6       0x46 build/z1/obj/udp-client.o
 .any.text.process_thread_udp_client_process
                0x0000a83c      0x1aa build/z1/obj/udp-client.o
 .any.text.uip_ds6_nbr_rm
                0x0000a9e6       0x1e build/z1/obj/uip-ds6-nbr.o
                0x0000a9e6                uip_ds6_nbr_rm
 .any.text.uip_ds6_neighbors_init
                0x0000aa04       0x12 build/z1/obj/uip-ds6-nbr.o
                0x0000aa04                uip_ds6_neighbors_init
 .any.text.uip_ds6_nbr_add
                0x0000aa16       0x36 build/z1/obj/uip-ds6-nbr.o
                0x0000aa16                uip_ds6_nbr_add
 .any.text.uip_ds6_nbr_get_ll
                0x0000aa4c        0xc build/z1/obj/uip-ds6-nbr.o
                0x0000aa4c                uip_ds6_nbr_get_ll
 .any.text.uip_ds6_nbr_head
                0x0000aa58        0xa build/z1/obj/uip-ds6-nbr.o
                0x0000aa58                uip_ds6_nbr_head
 .any.text.uip_ds6_nbr_next
                0x0000aa62        0xc build/z1/obj/uip-ds6-nbr.o
                0x0000aa62                uip_ds6_nbr_next
 .any.text.uip_ds6_nbr_lookup
                0x0000aa6e       0x36 build/z1/obj/uip-ds6-nbr.o
                0x0000aa6e                uip_ds6_nbr_lookup
 .any.text.uip_ds6_nbr_ll_lookup
                0x0000aaa4        0xc build/z1/obj/uip-ds6-nbr.o
                0x0000aaa4                uip_ds6_nbr_ll_lookup
 .any.text.uip_ds6_nbr_update_ll
                0x0000aab0       0x6e build/z1/obj/uip-ds6-nbr.o
                0x0000aab0                uip_ds6_nbr_update_ll
 .any.text.uip_ds6_nbr_ipaddr_from_lladdr
                0x0000ab1e        0x6 build/z1/obj/uip-ds6-nbr.o
                0x0000ab1e                uip_ds6_nbr_ipaddr_from_lladdr
 .any.text.uip_ds6_nbr_lladdr_from_ipaddr
                0x0000ab24       0x12 build/z1/obj/uip-ds6-nbr.o
                0x0000ab24                uip_ds6_nbr_lladdr_from_ipaddr
 .any.text.uip_ds6_link_callback
                0x0000ab36        0x2 build/z1/obj/uip-ds6-nbr.o
                0x0000ab36                uip_ds6_link_callback
 .any.text.uip_ds6_route_init
                0x0000ab38        0xe build/z1/obj/uip-ds6-route.o
                0x0000ab38                uip_ds6_route_init
 .any.text.uip_ds6_route_nexthop
                0x0000ab46        0x4 build/z1/obj/uip-ds6-route.o
                0x0000ab46                uip_ds6_route_nexthop
 .any.text.uip_ds6_route_lookup
                0x0000ab4a        0x4 build/z1/obj/uip-ds6-route.o
                0x0000ab4a                uip_ds6_route_lookup
 .any.text.uip_ds6_route_rm
                0x0000ab4e        0x2 build/z1/obj/uip-ds6-route.o
                0x0000ab4e                uip_ds6_route_rm
 .any.text.uip_ds6_defrt_rm
                0x0000ab50       0x2c build/z1/obj/uip-ds6-route.o
                0x0000ab50                uip_ds6_defrt_rm
 .any.text.uip_ds6_defrt_lookup
                0x0000ab7c       0x30 build/z1/obj/uip-ds6-route.o
                0x0000ab7c                uip_ds6_defrt_lookup
 .any.text.uip_ds6_defrt_add
                0x0000abac       0x6c build/z1/obj/uip-ds6-route.o
                0x0000abac                uip_ds6_defrt_add
 .any.text.uip_ds6_defrt_choose
                0x0000ac18       0x2a build/z1/obj/uip-ds6-route.o
                0x0000ac18                uip_ds6_defrt_choose
 .any.text.uip_ds6_defrt_periodic
                0x0000ac42       0x2e build/z1/obj/uip-ds6-route.o
                0x0000ac42                uip_ds6_defrt_periodic
 .any.text.uip_ds6_default_prefix
                0x0000ac70        0x6 build/z1/obj/uip-ds6.o
                0x0000ac70                uip_ds6_default_prefix
 .any.text.uip_ds6_list_loop
                0x0000ac76       0x70 build/z1/obj/uip-ds6.o
                0x0000ac76                uip_ds6_list_loop
 .any.text.uip_ds6_prefix_add
                0x0000ace6       0x6a build/z1/obj/uip-ds6.o
                0x0000ace6                uip_ds6_prefix_add
 .any.text.uip_ds6_is_addr_onlink
                0x0000ad50       0x40 build/z1/obj/uip-ds6.o
                0x0000ad50                uip_ds6_is_addr_onlink
 .any.text.uip_ds6_addr_lookup
                0x0000ad90       0x2a build/z1/obj/uip-ds6.o
                0x0000ad90                uip_ds6_addr_lookup
 .any.text.uip_ds6_get_link_local
                0x0000adba       0x3e build/z1/obj/uip-ds6.o
                0x0000adba                uip_ds6_get_link_local
 .any.text.uip_ds6_maddr_add
                0x0000adf8       0x42 build/z1/obj/uip-ds6.o
                0x0000adf8                uip_ds6_maddr_add
 .any.text.uip_ds6_addr_add
                0x0000ae3a       0xb6 build/z1/obj/uip-ds6.o
                0x0000ae3a                uip_ds6_addr_add
 .any.text.uip_ds6_maddr_rm
                0x0000aef0        0xa build/z1/obj/uip-ds6.o
                0x0000aef0                uip_ds6_maddr_rm
 .any.text.uip_ds6_maddr_lookup
                0x0000aefa       0x2a build/z1/obj/uip-ds6.o
                0x0000aefa                uip_ds6_maddr_lookup
 .any.text.uip_ds6_addr_rm
                0x0000af24       0x54 build/z1/obj/uip-ds6.o
                0x0000af24                uip_ds6_addr_rm
 .any.text.uip_ds6_periodic
                0x0000af78       0x46 build/z1/obj/uip-ds6.o
                0x0000af78                uip_ds6_periodic
 .any.text.uip_ds6_set_addr_iid
                0x0000afbe       0x14 build/z1/obj/uip-ds6.o
                0x0000afbe                uip_ds6_set_addr_iid
 .any.text.uip_ds6_set_lladdr_from_iid
                0x0000afd2       0x14 build/z1/obj/uip-ds6.o
                0x0000afd2                uip_ds6_set_lladdr_from_iid
 .any.text.get_match_length
                0x0000afe6       0x3c build/z1/obj/uip-ds6.o
                0x0000afe6                get_match_length
 .any.text.uip_ds6_select_src
                0x0000b022       0x96 build/z1/obj/uip-ds6.o
                0x0000b022                uip_ds6_select_src
 .any.text.uip_ds6_compute_reachable_time
                0x0000b0b8       0x36 build/z1/obj/uip-ds6.o
                0x0000b0b8                uip_ds6_compute_reachable_time
 .any.text.uip_ds6_init
                0x0000b0ee      0x164 build/z1/obj/uip-ds6.o
                0x0000b0ee                uip_ds6_init
 .any.text.echo_reply_input
                0x0000b252       0x56 build/z1/obj/uip-icmp6.o
 .any.text.echo_request_input
                0x0000b2a8       0x86 build/z1/obj/uip-icmp6.o
 .any.text.uip_icmp6_input
                0x0000b32e       0x34 build/z1/obj/uip-icmp6.o
                0x0000b32e                uip_icmp6_input
 .any.text.uip_icmp6_register_input_handler
                0x0000b362        0xc build/z1/obj/uip-icmp6.o
                0x0000b362                uip_icmp6_register_input_handler
 .any.text.uip_icmp6_error_output
                0x0000b36e      0x136 build/z1/obj/uip-icmp6.o
                0x0000b36e                uip_icmp6_error_output
 .any.text.uip_icmp6_send
                0x0000b4a4       0x82 build/z1/obj/uip-icmp6.o
                0x0000b4a4                uip_icmp6_send
 .any.text.uip_icmp6_init
                0x0000b526       0x12 build/z1/obj/uip-icmp6.o
                0x0000b526                uip_icmp6_init
 .any.text.ns_input
                0x0000b538      0x290 build/z1/obj/uip-nd6.o
 .any.text.uip_nd6_init
                0x0000b7c8        0xa build/z1/obj/uip-nd6.o
                0x0000b7c8                uip_nd6_init
 .any.text.node_matches_address.part.0
                0x0000b7d2       0x2e build/z1/obj/uip-sr.o
 .any.text.uip_sr_get_node
                0x0000b800       0x32 build/z1/obj/uip-sr.o
                0x0000b800                uip_sr_get_node
 .any.text.uip_sr_is_addr_reachable
                0x0000b832       0x4a build/z1/obj/uip-sr.o
                0x0000b832                uip_sr_is_addr_reachable
 .any.text.uip_sr_expire_parent
                0x0000b87c       0x48 build/z1/obj/uip-sr.o
                0x0000b87c                uip_sr_expire_parent
 .any.text.uip_sr_update_node
                0x0000b8c4       0xac build/z1/obj/uip-sr.o
                0x0000b8c4                uip_sr_update_node
 .any.text.uip_sr_init
                0x0000b970       0x12 build/z1/obj/uip-sr.o
                0x0000b970                uip_sr_init
 .any.text.uip_sr_periodic
                0x0000b982       0x7c build/z1/obj/uip-sr.o
                0x0000b982                uip_sr_periodic
 .any.text.uip_sr_free_all
                0x0000b9fe       0x2c build/z1/obj/uip-sr.o
                0x0000b9fe                uip_sr_free_all
 .any.text.uip_udp_packet_send
                0x0000ba2a       0x2a build/z1/obj/uip-udp-packet.o
                0x0000ba2a                uip_udp_packet_send
 .any.text.uip_udp_packet_sendto
                0x0000ba54       0x56 build/z1/obj/uip-udp-packet.o
                0x0000ba54                uip_udp_packet_sendto
 .any.text.chksum
                0x0000baaa       0x32 build/z1/obj/uip6.o
 .any.text.upper_layer_chksum
                0x0000badc       0x54 build/z1/obj/uip6.o
 .any.text.ext_hdr_options_process
                0x0000bb30       0x92 build/z1/obj/uip6.o
 .any.text.uip_check_mtu
                0x0000bbc2       0x1e build/z1/obj/uip6.o
 .any.text.uip_update_ttl
                0x0000bbe0       0x24 build/z1/obj/uip6.o
 .any.text.uip_icmp6chksum
                0x0000bc04        0xa build/z1/obj/uip6.o
                0x0000bc04                uip_icmp6chksum
 .any.text.uip_udpchksum
                0x0000bc0e        0xa build/z1/obj/uip6.o
                0x0000bc0e                uip_udpchksum
 .any.text.uip_init
                0x0000bc18       0x24 build/z1/obj/uip6.o
                0x0000bc18                uip_init
 .any.text.uip_remove_ext_hdr
                0x0000bc3c       0x5e build/z1/obj/uip6.o
                0x0000bc3c                uip_remove_ext_hdr
 .any.text.uip_udp_new
                0x0000bc9a       0x84 build/z1/obj/uip6.o
                0x0000bc9a                uip_udp_new
 .any.text.uip_process
                0x0000bd1e      0x4ba build/z1/obj/uip6.o
                0x0000bd1e                uip_process
 .any.text.uip_htonl
                0x0000c1d8       0x2a build/z1/obj/uip6.o
                0x0000c1d8                uip_htonl
 .any.text.uipbuf_add_ext_hdr
                0x0000c202       0x1c build/z1/obj/uipbuf.o
                0x0000c202                uipbuf_add_ext_hdr
 .any.text.uipbuf_set_len
                0x0000c21e       0x12 build/z1/obj/uipbuf.o
                0x0000c21e                uipbuf_set_len
 .any.text.uipbuf_set_len_field
                0x0000c230        0xe build/z1/obj/uipbuf.o
                0x0000c230                uipbuf_set_len_field
 .any.text.uipbuf_get_len_field
                0x0000c23e        0xe build/z1/obj/uipbuf.o
                0x0000c23e                uipbuf_get_len_field
 .any.text.uipbuf_get_next_header
                0x0000c24c       0x62 build/z1/obj/uipbuf.o
                0x0000c24c                uipbuf_get_next_header
 .any.text.uipbuf_get_last_header
                0x0000c2ae       0x36 build/z1/obj/uipbuf.o
                0x0000c2ae                uipbuf_get_last_header
 .any.text.uipbuf_search_header
                0x0000c2e4       0x46 build/z1/obj/uipbuf.o
                0x0000c2e4                uipbuf_search_header
 .any.text.uipbuf_get_attr
                0x0000c32a       0x12 build/z1/obj/uipbuf.o
                0x0000c32a                uipbuf_get_attr
 .any.text.uipbuf_set_attr
                0x0000c33c       0x14 build/z1/obj/uipbuf.o
                0x0000c33c                uipbuf_set_attr
 .any.text.uipbuf_clear_attr
                0x0000c350       0x12 build/z1/obj/uipbuf.o
                0x0000c350                uipbuf_clear_attr
 .any.text.uipbuf_clear
                0x0000c362       0x12 build/z1/obj/uipbuf.o
                0x0000c362                uipbuf_clear
 .any.text.uipbuf_init
                0x0000c374       0x1a build/z1/obj/uipbuf.o
                0x0000c374                uipbuf_init
 .any.text.uiplib_ipaddr_snprint
                0x0000c38e      0x114 build/z1/obj/uiplib.o
                0x0000c38e                uiplib_ipaddr_snprint
 .any.text.watchdog_start
                0x0000c4a2       0x14 build/z1/obj/watchdog.o
                0x0000c4a2                watchdog_start
 .any.text.watchdog_periodic
                0x0000c4b6       0x12 build/z1/obj/watchdog.o
                0x0000c4b6                watchdog_periodic
 .any.text.watchdog_stop
                0x0000c4c8       0x16 build/z1/obj/watchdog.o
                0x0000c4c8                watchdog_stop
 .any.text.watchdog_init
                0x0000c4de       0x12 build/z1/obj/watchdog.o
                0x0000c4de                watchdog_init
 .any.text.wait_ready
                0x0000c4f0       0x46 build/z1/obj/xmem.o
 .any.text.xmem_init
                0x0000c536       0x1e build/z1/obj/xmem.o
                0x0000c536                xmem_init
 .any.text.xmem_pread
                0x0000c554       0x88 build/z1/obj/xmem.o
                0x0000c554                xmem_pread
 .any.text.printf
                0x0000c5dc       0x10 /usr/local/msp430/bin/../lib/gcc/msp430/4.7.2/../../../../msp430/lib/mcpu-430x/mmpy-16/msr20/mc20/libc.a(printf.o)
                0x0000c5dc                printf
 .any.text.append
                0x0000c5ec       0x22 /usr/local/msp430/bin/../lib/gcc/msp430/4.7.2/../../../../msp430/lib/mcpu-430x/mmpy-16/msr20/mc20/libc.a(sprintf.o)
 .any.text.call_vuprintf
                0x0000c60e       0x36 /usr/local/msp430/bin/../lib/gcc/msp430/4.7.2/../../../../msp430/lib/mcpu-430x/mmpy-16/msr20/mc20/libc.a(sprintf.o)
 .any.text.snprintf
                0x0000c644       0x1c /usr/local/msp430/bin/../lib/gcc/msp430/4.7.2/../../../../msp430/lib/mcpu-430x/mmpy-16/msr20/mc20/libc.a(sprintf.o)
                0x0000c644                snprintf
 .any.text.print_field
                0x0000c660      0x176 /usr/local/msp430/bin/../lib/gcc/msp430/4.7.2/../../../../msp430/lib/mcpu-430x/mmpy-16/msr20/mc20/libc.a(vuprintf.o)
 .any.text.vuprintf
                0x0000c7d6      0x742 /usr/local/msp430/bin/../lib/gcc/msp430/4.7.2/../../../../msp430/lib/mcpu-430x/mmpy-16/msr20/mc20/libc.a(vuprintf.o)
                0x0000c7d6                vuprintf
 .any.text.puts
                0x0000cf18       0x2c /usr/local/msp430/bin/../lib/gcc/msp430/4.7.2/../../../../msp430/lib/mcpu-430x/mmpy-16/msr20/mc20/libc.a(puts.o)
                0x0000cf18                puts
 .any.text.rand
                0x0000cf44       0x26 /usr/local/msp430/bin/../lib/gcc/msp430/4.7.2/../../../../msp430/lib/mcpu-430x/mmpy-16/msr20/mc20/libc.a(rand.o)
                0x0000cf44                rand
 .any.text.srand
                0x0000cf6a        0xa /usr/local/msp430/bin/../lib/gcc/msp430/4.7.2/../../../../msp430/lib/mcpu-430x/mmpy-16/msr20/mc20/libc.a(rand.o)
                0x0000cf6a                srand
 .any.text.memcmp
                0x0000cf74       0x2c /usr/local/msp430/bin/../lib/gcc/msp430/4.7.2/../../../../msp430/lib/mcpu-430x/mmpy-16/msr20/mc20/libc.a(memcmp.o)
                0x0000cf74                memcmp
 .any.text.memcpy
                0x0000cfa0       0xe8 /usr/local/msp430/bin/../lib/gcc/msp430/4.7.2/../../../../msp430/lib/mcpu-430x/mmpy-16/msr20/mc20/libc.a(memcpy.o)
                0x0000cfa0                memcpy
 .any.text.memmove
                0x0000d088       0xe8 /usr/local/msp430/bin/../lib/gcc/msp430/4.7.2/../../../../msp430/lib/mcpu-430x/mmpy-16/msr20/mc20/libc.a(memmove.o)
                0x0000d088                memmove
 .any.text.memset
                0x0000d170       0x5c /usr/local/msp430/bin/../lib/gcc/msp430/4.7.2/../../../../msp430/lib/mcpu-430x/mmpy-16/msr20/mc20/libc.a(memset.o)
                0x0000d170                memset

.rodata         0x0000d1cc      0x693
                0x0000d1cc                . = ALIGN (0x2)
 *(SORT(.rodata) SORT(.rodata.*) SORT(.gnu.linkonce.r.*))
 .rodata.get_value
                0x0000d1cc       0x68 build/z1/obj/cc2420.o
 .rodata.set_value
                0x0000d234       0x20 build/z1/obj/cc2420.o
 .rodata.adxl345
                0x0000d254        0xe build/z1/obj/adxl345.o
                0x0000d254                adxl345
 .rodata.button_sensor
                0x0000d262        0xe build/z1/obj/button-sensor.o
                0x0000d262                button_sensor
 .rodata.cc2420_driver
                0x0000d270       0x38 build/z1/obj/cc2420.o
                0x0000d270                cc2420_driver
 .rodata.output_power
                0x0000d2a8       0x10 build/z1/obj/cc2420.o
 .rodata.csma_driver
                0x0000d2b8       0x1a build/z1/obj/csma.o
                0x0000d2b8                csma_driver
 .rodata.framer_802154
                0x0000d2d2        0xc build/z1/obj/framer-802154.o
                0x0000d2d2                framer_802154
 .rodata.linkaddr_null
                0x0000d2de        0x8 build/z1/obj/linkaddr.o
                0x0000d2de                linkaddr_null
 .rodata.rpl_lite_driver
                0x0000d2e6       0x52 build/z1/obj/rpl.o
                0x0000d2e6                rpl_lite_driver
 .rodata.sicslowpan_driver
                0x0000d338        0xe build/z1/obj/sicslowpan.o
                0x0000d338                sicslowpan_driver
 .rodata.tmp102
                0x0000d346        0xe build/z1/obj/tmp102.o
                0x0000d346                tmp102
 .rodata.autostart_processes
                0x0000d354        0x4 build/z1/obj/udp-client.o
                0x0000d354                autostart_processes
 .rodata        0x0000d358       0x25 build/z1/obj/adxl345.o
 .rodata        0x0000d37d        0x7 build/z1/obj/button-sensor.o
 .rodata        0x0000d384        0xe build/z1/obj/cc2420.o
 .rodata        0x0000d392       0xf4 build/z1/obj/contiki-main.o
 .rodata        0x0000d486        0x5 build/z1/obj/csma.o
 .rodata        0x0000d48b        0xf build/z1/obj/ctimer.o
 .rodata        0x0000d49a        0xc build/z1/obj/etimer.o
 .rodata.CSWTCH.17
                0x0000d4a6        0x2 build/z1/obj/frame802154.o
 .rodata.log_6addr
                0x0000d4a8        0x3 build/z1/obj/log.o
 .rodata.log_lladdr
                0x0000d4ab       0x14 build/z1/obj/log.o
 .rodata.platform_init_stage_three
                0x0000d4bf       0x30 build/z1/obj/platform.o
 .rodata.process_dio_init_dag
                0x0000d4ef        0x5 build/z1/obj/rpl-dag.o
 .rodata.rpl_local_repair
                0x0000d4f4        0xd build/z1/obj/rpl-dag.o
 .rodata.rpl_global_repair
                0x0000d501        0xe build/z1/obj/rpl-dag.o
 .rodata.rpl_dag_update_state
                0x0000d50f       0x31 build/z1/obj/rpl-dag.o
 .rodata.rpl_process_dio
                0x0000d540       0x35 build/z1/obj/rpl-dag.o
 .rodata.rpl_process_dis
                0x0000d575        0xe build/z1/obj/rpl-dag.o
 .rodata.rpl_process_dao_ack
                0x0000d583        0xa build/z1/obj/rpl-dag.o
 .rodata.rpl_dag_init_root
                0x0000d58d        0xa build/z1/obj/rpl-dag.o
 .rodata.resend_dao
                0x0000d597        0xc build/z1/obj/rpl-timers.o
 .rodata        0x0000d5a3        0x9 build/z1/obj/rpl.o
 .rodata        0x0000d5ac        0x8 build/z1/obj/sensors.o
 .rodata        0x0000d5b4        0xb build/z1/obj/sicslowpan.o
 .rodata.llprefix
                0x0000d5bf        0x2 build/z1/obj/sicslowpan.o
                0x0000d5bf                llprefix
 .rodata.unc_mxconf
                0x0000d5c1        0x4 build/z1/obj/sicslowpan.o
                0x0000d5c1                unc_mxconf
 .rodata.unc_ctxconf
                0x0000d5c5        0x4 build/z1/obj/sicslowpan.o
                0x0000d5c5                unc_ctxconf
 .rodata.unc_llconf
                0x0000d5c9        0x4 build/z1/obj/sicslowpan.o
                0x0000d5c9                unc_llconf
 .rodata.ttl_values
                0x0000d5cd        0x4 build/z1/obj/sicslowpan.o
 .rodata        0x0000d5d1       0x13 build/z1/obj/simple-udp.o
 .rodata.process_thread_stack_check_process
                0x0000d5e4       0x32 build/z1/obj/stack-check.o
 .rodata        0x0000d616        0xc build/z1/obj/stack-check.o
 .rodata        0x0000d622        0xd build/z1/obj/tcpip.o
 .rodata        0x0000d62f        0xe build/z1/obj/tmp102.o
 .rodata.udp_rx_callback
                0x0000d63d       0x37 build/z1/obj/udp-client.o
 .rodata.process_thread_udp_client_process
                0x0000d674       0x83 build/z1/obj/udp-client.o
 .rodata        0x0000d6f7        0xb build/z1/obj/udp-client.o
 .rodata.firmware_payload
                0x0000d702      0x12c build/z1/obj/udp-client.o
 .rodata.uiplib_ipaddr_snprint
                0x0000d82e       0x2a build/z1/obj/uiplib.o
 .rodata.vuprintf
                0x0000d858        0x7 /usr/local/msp430/bin/../lib/gcc/msp430/4.7.2/../../../../msp430/lib/mcpu-430x/mmpy-16/msr20/mc20/libc.a(vuprintf.o)
 *(SORT(.near.rodata) SORT(.near.rodata.*))
                0x0000d860                . = ALIGN (0x2)
                0x0000d860                _etext = .

.data           0x00001100      0x150 load address 0x0000d860
                0x00001100                . = ALIGN (0x2)
                0x00001100                __data_start = .
 *(SORT(.data) SORT(.data.*) SORT(.gnu.linkonce.d.*))
 .data.accmeter_process
                0x00001100        0xc build/z1/obj/adxl345.o
                0x00001100                accmeter_process
 .data.cc2420_process